******************************************************************************
                  MSP430 Linker PC v3.2.3                      
******************************************************************************
>> Linked Tue May 28 16:45:51 2013

OUTPUT FILE NAME:   <E:\\大学文档\\大四下\\毕设\\wsn-project-fin\\wsn-project-fin\\VISN-WSN\\Node1\\My Application\\My Application.out>
ENTRY POINT SYMBOL: "_c_int00"  address: 00003668


MEMORY CONFIGURATION

         name            origin    length      used     unused   attr    fill
----------------------  --------  ---------  --------  --------  ----  --------
  SFR                   00000000   00000010  00000000  00000010  RWIX
  PERIPHERALS_8BIT      00000010   000000f0  00000000  000000f0  RWIX
  PERIPHERALS_16BIT     00000100   00000100  00000000  00000100  RWIX
  INFOD                 00001000   00000040  00000000  00000040  RWIX
  INFOC                 00001040   00000040  00000000  00000040  RWIX
  INFOB                 00001080   00000040  00000000  00000040  RWIX
  INFOA                 000010c0   00000040  00000000  00000040  RWIX
  RAM                   00001100   00002000  00001fe2  0000001e  RWIX
  BOOTLOADER            00003100   00000300  00000000  00000300  RWIX
  FLASH                 00003400   0000cb00  0000caff  00000001  RWIX
  FACTORYFLAG           0000ff00   00000002  00000002  00000000  RWIX  ffff
  RESERVED              0000ff02   000000ae  00000000  000000ae  RWIX
  UNEXPECTED            0000ffb0   00000006  00000000  00000006  RWIX
  CCSRESET              0000ffb6   00000002  00000002  00000000  RWIX
  WSNRESET              0000ffb8   00000002  00000002  00000000  RWIX
  BLCCSRESET            0000ffba   00000002  00000000  00000002  RWIX
  VIOTNFLAG             0000ffbc   00000002  00000002  00000000  RWIX  ffff
  REPROGRAMFLAG         0000ffbe   00000002  00000002  00000000  RWIX  ffff
  INT00                 0000ffc0   00000002  00000002  00000000  RWIX  ffb0
  INT01                 0000ffc2   00000002  00000002  00000000  RWIX  ffb0
  INT02                 0000ffc4   00000002  00000002  00000000  RWIX  ffb0
  INT03                 0000ffc6   00000002  00000002  00000000  RWIX  ffb0
  INT04                 0000ffc8   00000002  00000002  00000000  RWIX  ffb0
  INT05                 0000ffca   00000002  00000002  00000000  RWIX  ffb0
  INT06                 0000ffcc   00000002  00000002  00000000  RWIX  ffb0
  INT07                 0000ffce   00000002  00000002  00000000  RWIX  ffb0
  INT08                 0000ffd0   00000002  00000002  00000000  RWIX  ffb0
  INT09                 0000ffd2   00000002  00000002  00000000  RWIX  ffb0
  INT10                 0000ffd4   00000002  00000002  00000000  RWIX  ffb0
  INT11                 0000ffd6   00000002  00000002  00000000  RWIX  ffb0
  INT12                 0000ffd8   00000002  00000002  00000000  RWIX  ffb0
  INT13                 0000ffda   00000002  00000002  00000000  RWIX  ffb0
  INT14                 0000ffdc   00000002  00000002  00000000  RWIX  ffb0
  INT15                 0000ffde   00000002  00000002  00000000  RWIX  ffb0
  INT16                 0000ffe0   00000002  00000002  00000000  RWIX  ffb0
  INT17                 0000ffe2   00000002  00000002  00000000  RWIX  ffb0
  INT18                 0000ffe4   00000002  00000002  00000000  RWIX  ffb0
  INT19                 0000ffe6   00000002  00000002  00000000  RWIX  ffb0
  INT20                 0000ffe8   00000002  00000002  00000000  RWIX  ffb0
  INT21                 0000ffea   00000002  00000002  00000000  RWIX  ffb0
  INT22                 0000ffec   00000002  00000002  00000000  RWIX  ffb0
  INT23                 0000ffee   00000002  00000002  00000000  RWIX  ffb0
  INT24                 0000fff0   00000002  00000002  00000000  RWIX  ffb0
  INT25                 0000fff2   00000002  00000002  00000000  RWIX  ffb0
  INT26                 0000fff4   00000002  00000002  00000000  RWIX  ffb0
  INT27                 0000fff6   00000002  00000002  00000000  RWIX  ffb0
  INT28                 0000fff8   00000002  00000002  00000000  RWIX  ffb0
  INT29                 0000fffa   00000002  00000002  00000000  RWIX  ffb0
  INT30                 0000fffc   00000002  00000002  00000000  RWIX  ffb0
  BLWSNRESET            0000fffe   00000002  00000000  00000002  RWIX
  FLASH2                00010000   0000fc00  00007162  00008a9e  RWIX


SECTION ALLOCATION MAP

 output                                  attributes/
section   page    origin      length       input sections
--------  ----  ----------  ----------   ----------------
.stack     0    00001100    000004e0     UNINITIALIZED
                  00001100    00000002     rts430x.lib : boot.obj (.stack)
                  00001102    000004de     --HOLE--

.bss       0    000015fc    00000488     UNINITIALIZED
                  000015fc    0000012b     libfirmware.a : Scheduler.obj (.bss)
                  00001727    00000001                   : AtmelFlash.obj (.bss)
                  00001728    000000dd                   : RadioUART.obj (.bss)
                  00001805    00000001                   : ExternalFlash_Physical.obj (.bss)
                  00001806    00000082                   : TraceUART.obj (.bss)
                  00001888    0000005f                   : Configure.obj (.bss)
                  000018e7    00000001                   : ext_flash.obj (.bss)
                  000018e8    00000046                   : IOV.obj (.bss)
                  0000192e    00000043                   : VIotNCommands.obj (.bss)
                  00001971    00000001     --HOLE--
                  00001972    00000036                   : Connect.obj (.bss)
                  000019a8    00000022                   : Padding.obj (.bss)
                  000019ca    00000021                   : BigDataTransfer.obj (.bss)
                  000019eb    00000001     --HOLE--
                  000019ec    00000020                   : CalibratedScaling.obj (.bss)
                  00001a0c    00000014                   : radio.obj (.bss)
                  00001a20    00000010                   : Timestamp.obj (.bss)
                  00001a30    0000000d                   : FirmwareUpdate.obj (.bss)
                  00001a3d    00000001     --HOLE--
                  00001a3e    0000000b                   : DataScoop.obj (.bss)
                  00001a49    00000001     --HOLE--
                  00001a4a    00000008                   : GPIO_Physical.obj (.bss)
                  00001a52    00000008     rts430x.lib : _lock.obj (.bss)
                  00001a5a    00000008                 : boot.obj (.bss)
                  00001a62    00000008                 : memory.obj (.bss)
                  00001a6a    00000004     libfirmware.a : dio.obj (.bss)
                  00001a6e    00000004                   : time.obj (.bss)
                  00001a72    00000004     rts430x.lib : rand.obj (.bss)
                  00001a76    00000003     libfirmware.a : acquire.obj (.bss)
                  00001a79    00000002                   : BigDataScoop.obj (.bss)
                  00001a7b    00000001     --HOLE--
                  00001a7c    00000002                   : Processor_Physical.obj (.bss)
                  00001a7e    00000002                   : adc.obj (.bss)
                  00001a80    00000002                   : led.obj (.bss)
                  00001a82    00000002     rts430x.lib : errno.obj (.bss)

.niwsn     0    00001a84    0000125a     UNINITIALIZED
                  00001a84    0000125a     libfirmware.a : NiChannels.obj (.niwsn)

.lvbss     0    00001a84    000008ea     UNINITIALIZED
                  00001a84    00000344     liblvwsn_proj.a : node3.obj (.bss)
                  00001dc8    000001cc                     : set_red_state.obj (.bss)
                  00001f94    000000ea                     : LvChannels_fixed.obj (.bss)
                  0000207e    0000009f                     : WSNmain.obj (.bss)
                  0000211d    00000001                     : NumText.obj (.bss)
                  0000211e    00000098                     : LVBlockDiagram.obj (.bss)
                  000021b6    0000006e                     : message_dio_control.obj (.bss)
                  00002224    00000068                     : sample_a1.obj (.bss)
                  0000228c    00000047                     : sample_a0.obj (.bss)
                  000022d3    00000001     --HOLE--
                  000022d4    00000034                     : set_ai_power.obj (.bss)
                  00002308    00000028                     : A_________.obj (.bss)
                  00002330    00000024                     : CCGErrorSupport.obj (.bss)
                  00002354    0000000c                     : firmwareAPI.obj (.bss)
                  00002360    00000006                     : IOVSupport.obj (.bss)
                  00002366    00000004                     : LVCGenRTInit.obj (.bss)
                  0000236a    00000002                     : CCGArrSupport2.obj (.bss)
                  0000236c    00000002                     : MemCheck_msp430.obj (.bss)

.sysmem    0    00002370    00000d8e     UNINITIALIZED
                  00002370    00000004     rts430x.lib : memory.obj (.sysmem)
                  00002374    00000d8a     --HOLE--

.textstart 
*          0    00003400    00000036     
                  00003400    00000036     libfirmware.a : InitBss.obj (.textstart:InitBss)

.text:_isr 
*          0    00003436    0000027a     
                  00003436    00000110     libfirmware.a : GPIO_Physical.obj (.text:_isr:Port1ISR__9ScrimmageFv)
                  00003546    000000ac                   : Scheduler.obj (.text:_isr:SchedulerISR__Fv)
                  000035f2    00000076                   : time.obj (.text:_isr:RtcISR__Fv)
                  00003668    0000002a     rts430x.lib : boot.obj (.text:_isr:_c_int00_noexit)
                  00003692    0000000a     libfirmware.a : RadioUART_Physical.obj (.text:_isr:RxISR_PhysicalEntry__9ScrimmageFv)
                  0000369c    0000000a                   : TraceUART_Physical.obj (.text:_isr:TXISR__9ScrimmageFv)
                  000036a6    0000000a                   : RadioUART_Physical.obj (.text:_isr:TxISR_Physical__9ScrimmageFv)

.cinit     0    000036b0    0000044a     
                  000036b0    000000dc     liblvwsn_proj.a : set_red_state.obj (.cinit)
                  0000378c    000000d4                     : WSNmain.obj (.cinit)
                  00003860    000000ae                     : node3.obj (.cinit)
                  0000390e    0000006e                     : message_dio_control.obj (.cinit)
                  0000397c    0000004c                     : CCGErrorSupport.obj (.cinit)
                  000039c8    00000042                     : LVBlockDiagram.obj (.cinit)
                  00003a0a    00000036     libfirmware.a : Connect.obj (.cinit)
                  00003a40    00000020     liblvwsn_proj.a : sample_a1.obj (.cinit)
                  00003a60    0000001d                     : sample_a0.obj (.cinit)
                  00003a7d    00000001     --HOLE-- [fill = 0]
                  00003a7e    00000010                     : A_________.obj (.cinit)
                  00003a8e    0000000e     libfirmware.a : IOV.obj (.cinit)
                  00003a9c    0000000e     liblvwsn_proj.a : IOVSupport.obj (.cinit)
                  00003aaa    0000000b     libfirmware.a : adc.obj (.cinit)
                  00003ab5    00000001     --HOLE-- [fill = 0]
                  00003ab6    00000008                   : Configure.obj (.cinit)
                  00003abe    00000008     liblvwsn_proj.a : set_ai_power.obj (.cinit)
                  00003ac6    00000008     rts430x.lib : rand.obj (.cinit)
                  00003ace    00000006     libfirmware.a : Processor_Physical.obj (.cinit)
                  00003ad4    00000006     liblvwsn_proj.a : MemCheck_msp430.obj (.cinit)
                  00003ada    00000006     rts430x.lib : errno.obj (.cinit)
                  00003ae0    00000006                 : memory.obj (.cinit)
                  00003ae6    00000005     libfirmware.a : VIotNCommands.obj (.cinit)
                  00003aeb    00000001     --HOLE-- [fill = 0]
                  00003aec    00000005                   : radio.obj (.cinit)
                  00003af1    00000001     --HOLE-- [fill = 0]
                  00003af2    00000005     liblvwsn_proj.a : NumText.obj (.cinit)
                  00003af7    00000001     --HOLE-- [fill = 0]
                  00003af8    00000002     (.pad.cinit) [fill = 0]

.const     0    00003afa    00001185     
                  00003afa    0000040c     liblvwsn_proj.a : fileIndx.obj (.const:.string)
                  00003f06    00000292                     : WSN-3202Mis.obj (.const:lvwsn_misImage)
                  00004198    00000119                     : WSNmain.obj (.const:nArrTypeData)
                  000042b1    00000001     --HOLE-- [fill = 0]
                  000042b2    00000101     rts430x.lib : ctype.obj (.const:_ctypes_)
                  000043b3    00000001     --HOLE-- [fill = 0]
                  000043b4    000000d8     liblvwsn_proj.a : LvChannels_fixed.obj (.const:.string)
                  0000448c    000000a8                     : LVBlockDiagram.obj (.const:gArrDataSizes)
                  00004534    0000008e                     : WSNErrorSupport.obj (.const:.string)
                  000045c2    0000008e                     : fileIndx.obj (.const:compiled_files)
                  00004650    00000080                     : message_dio_control.obj (.const:.string)
                  000046d0    0000006c                     : node3.obj (.const:.string)
                  0000473c    0000006a     libfirmware.a : radio.obj (.const:.string)
                  000047a6    0000004c                   : NiChannels.obj (.const:niwsn_iovDataFifo)
                  000047f2    0000004c                   : NiChannels.obj (.const:niwsn_iovTimeStampFifo)
                  0000483e    0000004c     liblvwsn_proj.a : LvChannels_fixed.obj (.const:viotn_iovDataFifo)
                  0000488a    0000004c                     : LvChannels_fixed.obj (.const:viotn_iovTimeStampFifo)
                  000048d6    00000038     libfirmware.a : Connect.obj (.const:sleepTimes)
                  0000490e    00000034     liblvwsn_proj.a : WSNmain.obj (.const:nArrTypeDataOffsets)
                  00004942    0000002e                     : LVCGenRTInit.obj (.const:.string)
                  00004970    00000026                     : LvChannels_fixed.obj (.const:lvwsn_iovChannelName)
                  00004996    00000026     libfirmware.a : NiChannels.obj (.const:niwsn_iovChannelDescriptor)
                  000049bc    00000026                   : NiChannels.obj (.const:niwsn_iovChannelSize)
                  000049e2    00000026     liblvwsn_proj.a : LvChannels_fixed.obj (.const:viotn_iovChannelDescriptor)
                  00004a08    00000026                     : LvChannels_fixed.obj (.const:viotn_iovChannelSize)
                  00004a2e    00000024                     : IOVSupport.obj (.const:.string)
                  00004a52    00000024     rts430x.lib : _printfi.obj (.const:.string)
                  00004a76    00000022     liblvwsn_proj.a : WSNmain.obj (.const)
                  00004a98    0000001e                     : NumText.obj (.const:.string)
                  00004ab6    0000001b     libfirmware.a : MisTable.obj (.const:attrInfoTable)
                  00004ad1    00000001     --HOLE-- [fill = 0]
                  00004ad2    0000001a                   : acquire.obj (.const:channels$1)
                  00004aec    00000014                   : Connect.obj (.const:.string)
                  00004b00    00000014                   : MisTable.obj (.const:attrOffsetTable)
                  00004b14    00000013     liblvwsn_proj.a : LvChannels_fixed.obj (.const:lvwsn_iovChannelAttrs)
                  00004b27    00000001     --HOLE-- [fill = 0]
                  00004b28    00000013                     : LvChannels_fixed.obj (.const:lvwsn_iovChannelCoreTypes)
                  00004b3b    00000001     --HOLE-- [fill = 0]
                  00004b3c    00000013     libfirmware.a : NiChannels.obj (.const:niwsn_iovChannelAttrs)
                  00004b4f    00000001     --HOLE-- [fill = 0]
                  00004b50    00000013                   : NiChannels.obj (.const:niwsn_iovChannelDepth)
                  00004b63    00000001     --HOLE-- [fill = 0]
                  00004b64    00000013                   : NiChannels.obj (.const:niwsn_iovTokenIndexArray)
                  00004b77    00000001     --HOLE-- [fill = 0]
                  00004b78    00000013     liblvwsn_proj.a : LvChannels_fixed.obj (.const:viotn_iovChannelAttrs)
                  00004b8b    00000001     --HOLE-- [fill = 0]
                  00004b8c    00000013                     : LvChannels_fixed.obj (.const:viotn_iovChannelDepth)
                  00004b9f    00000001     --HOLE-- [fill = 0]
                  00004ba0    00000013                     : LvChannels_fixed.obj (.const:viotn_iovTokenIndexArray)
                  00004bb3    00000001     --HOLE-- [fill = 0]
                  00004bb4    00000010                     : CCGFltSupport.obj (.const)
                  00004bc4    00000010                     : LVBlockDiagram.obj (.const)
                  00004bd4    0000000e                     : WSNmain.obj (.const:.string)
                  00004be2    0000000c     libfirmware.a : BigDataTransfer.obj (.const:bigTxResponseWaitTimeTable)
                  00004bee    0000000c                   : firmware.obj (.const)
                  00004bfa    0000000c     liblvwsn_proj.a : LvChannels_fixed.obj (.const)
                  00004c06    0000000a     libfirmware.a : acquire.obj (.const:channels$3)
                  00004c10    0000000a     liblvwsn_proj.a : CCGStrSupport.obj (.const)
                  00004c1a    00000009     libfirmware.a : FirmwareUpdate.obj (.const)
                  00004c23    00000001     --HOLE-- [fill = 0]
                  00004c24    00000007                   : led.obj (.const:.string)
                  00004c2b    00000001     --HOLE-- [fill = 0]
                  00004c2c    00000006                   : Configure.obj (.const)
                  00004c32    00000006                   : NiChannels.obj (.const)
                  00004c38    00000006                   : Scheduler.obj (.const)
                  00004c3e    00000006                   : Timestamp.obj (.const)
                  00004c44    00000006     liblvwsn_proj.a : WSN-3202Mis.obj (.const)
                  00004c4a    00000006                     : set_red_state.obj (.const)
                  00004c50    00000004     libfirmware.a : NiChannels.obj (.const:.string)
                  00004c54    00000004                   : NiwsnMisImage.obj (.const)
                  00004c58    00000004                   : ext_flash.obj (.const)
                  00004c5c    00000004     liblvwsn_proj.a : MemCheck_msp430.obj (.const)
                  00004c60    00000004                     : message_dio_control.obj (.const)
                  00004c64    00000004                     : node3.obj (.const)
                  00004c68    00000003     libfirmware.a : TraceUART.obj (.const:.string)
                  00004c6b    00000001     --HOLE-- [fill = 0]
                  00004c6c    00000002     liblvwsn_proj.a : CCGArrSupport.obj (.const:.string)
                  00004c6e    00000002                     : CCGStrSupport.obj (.const:.string)
                  00004c70    00000002                     : LVBlockDiagram.obj (.const:.string)
                  00004c72    00000002                     : ViLib.obj (.const:.string)
                  00004c74    00000002                     : set_red_state.obj (.const:.string)
                  00004c76    00000002                     : A_________.obj (.const)
                  00004c78    00000002                     : sample_a0.obj (.const)
                  00004c7a    00000002                     : sample_a1.obj (.const)
                  00004c7c    00000002                     : set_ai_power.obj (.const)
                  00004c7e    00000001     libfirmware.a : radio.obj (.const)

.pinit     0    00004c7f    00000000     UNINITIALIZED

.text.1    0    00004c80    0000b280     
                  00004c80    0000100c     liblvwsn_proj.a : node3.obj (.text:node3_Run)
                  00005c8c    000005e8                     : set_red_state.obj (.text:set_red_state_Run)
                  00006274    00000536                     : CCGStrSupport.obj (.text:PDAStrConcat)
                  000067aa    0000050c                     : NumText.obj (.text:NumToTextF)
                  00006cb6    0000042c                     : CCGFltSupport.obj (.text:PDAFltBinop)
                  000070e2    0000036e     libfirmware.a : Padding.obj (.text)
                  00007450    0000035e     liblvwsn_proj.a : NumText.obj (.text:TextToNumF)
                  000077ae    00000316                     : sample_a1.obj (.text:sample_a1_Run)
                  00007ac4    0000030a                     : CCGClusterSupport.obj (.text:PDAClusterCopyValue)
                  00007dce    000002fc                     : NumText.obj (.text:NumToText)
                  000080ca    000002fa                     : NumText.obj (.text:NumToTextEng)
                  000083c4    000002f8                     : NumText.obj (.text:NumToTextExp)
                  000086bc    000002cc                     : message_dio_control.obj (.text:message_dio_control_Run)
                  00008988    000002c2     libfirmware.a : LoadRadioFW.obj (.text:SendFWToRadio__Fv)
                  00008c4a    00000294     liblvwsn_proj.a : CCGClusterSupport.obj (.text:PDAClusterTextToNum)
                  00008ede    0000027e                     : CCGClusterSupport.obj (.text:PDAClusterGetElemByPos)
                  0000915c    0000027e                     : CCGClusterSupport.obj (.text:PDAClusterNumToText)
                  000093da    00000258                     : CCGArrSupport2.obj (.text:PDAArrayCopyValue)
                  00009632    00000256                     : sample_a0.obj (.text:sample_a0_Run)
                  00009888    00000254                     : CCGFltSupport.obj (.text:DoubleToPtr)
                  00009adc    00000240     libfirmware.a : radio.obj (.text:FinishXBeeFWLoad__FP6tError)
                  00009d1c    000001fa                   : RadioUART.obj (.text:cmd_ParseReceivedDataFrame__FP14Command_struct)
                  00009f16    000001f6     liblvwsn_proj.a : CCGClusterSupport.obj (.text:PDAClusterNew)
                  0000a10c    000001ec                     : NumText.obj (.text:NumToTextSci)
                  0000a2f8    000001ec                     : NumText.obj (.text:TextToNumD)
                  0000a4e4    000001ea                     : NumText.obj (.text:TextToNumH)
                  0000a6ce    000001e4                     : CCGClusterSupport.obj (.text:InternalGetClusterSize)
                  0000a8b2    000001dc     libfirmware.a : IOV.obj (.text:WriteIOVChannel__FUiPCvPC16TimeStamp_structP6tError)
                  0000aa8e    000001d2     liblvwsn_proj.a : WSNErrorSupport.obj (.text:WSNConvertInternalErrorCode)
                  0000ac60    000001d2                     : set_ai_power.obj (.text:set_ai_power_Run)
                  0000ae32    000001ce                     : CCGClusterSupport.obj (.text:PDAClusterCopyOnModify)
                  0000b000    000001ca     libfirmware.a : Connect.obj (.text:WSNJoinAction__FP30ConnectActionSuspendState_enumP18ConnectAction_enum)
                  0000b1ca    000001bc     liblvwsn_proj.a : CCGArrSupport3.obj (.text:PDAArrTextToNum)
                  0000b386    000001b6                     : LVBlockDiagram.obj (.text:IsNotZero)
                  0000b53c    000001b6                     : CCGClusterSupport.obj (.text:PDAClusterFreeHelper)
                  0000b6f2    000001b6     libfirmware.a : Connect.obj (.text:ZigbeeJoinAction__FP30ConnectActionSuspendState_enumP18ConnectAction_enumP18NetworkInfo_structP15ScanInfo_struct)
                  0000b8a8    000001a6                   : Configure.obj (.text:ConfigureNode__FUcT1PUc)
                  0000ba4e    000001a6     liblvwsn_proj.a : NumText.obj (.text:TextToNumUD)
                  0000bbf4    000001a4                     : CCGArrSupport3.obj (.text:PDAArrNumToText)
                  0000bd98    0000019c                     : CCGArrSupport2.obj (.text:PDAArrNew)
                  0000bf34    00000194                     : CCGStrSupport.obj (.text:PDAStrIndexStrip)
                  0000c0c8    00000194     libfirmware.a : Connect.obj (.text:WSNConfigureAction__FP30ConnectActionSuspendState_enumP18ConnectAction_enumP18NetworkInfo_struct)
                  0000c25c    0000018c                   : ext_flash.obj (.text:SetFlashToFactoryResetAndReboot__Fv)
                  0000c3e8    00000178     liblvwsn_proj.a : IOVSupport.obj (.text:NetworkVariableWrite)
                  0000c560    00000178     libfirmware.a : radio.obj (.text:SendMessage__F16WSNFunction_enumPCUcUc16SendOptions_enum)
                  0000c6d8    00000176                   : Timestamp.obj (.text:TimeSyncReply__FUcT1PCUc)
                  0000c84e    00000174     liblvwsn_proj.a : CCGClusterSupport.obj (.text:PDAClusterIncRefCnt)
                  0000c9c2    00000170                     : CCGArrSupport.obj (.text:PDAArrToString)
                  0000cb32    0000016a                     : NumText.obj (.text:TextToNumO)
                  0000cc9c    00000168     libfirmware.a : DataScoop.obj (.text:ScoopSmallChannel__FUi)
                  0000ce04    00000168     rts430x.lib : log.obj (.text:log)
                  0000cf6c    00000162     liblvwsn_proj.a : NumText.obj (.text:TextToNumB)
                  0000d0ce    0000015c                     : CCGStrSupport.obj (.text:PDAStrNumToText)
                  0000d22a    0000015c                     : CCGFltSupport.obj (.text:PtrToDouble)
                  0000d386    0000015a                     : LVBlockDiagram.obj (.text:CopyValue)
                  0000d4e0    0000015a     libfirmware.a : radio.obj (.text:InitXBeeRadio__FP6tError)
                  0000d63a    00000158     liblvwsn_proj.a : CCGIntSupport.obj (.text:LVLongToPtr)
                  0000d792    0000014a     libfirmware.a : Connect.obj (.text:InitializeAction__FP30ConnectActionSuspendState_enumP18ConnectAction_enumP15ScanInfo_struct)
                  0000d8dc    00000148     liblvwsn_proj.a : CCGIntSupport.obj (.text:LVPtrToLong)
                  0000da24    00000148     libfirmware.a : Connect.obj (.text:SendConnectionRequest__FP6tError)
                  0000db6c    00000142     liblvwsn_proj.a : CCGIntSupport.obj (.text:PtrToULong)
                  0000dcae    0000013e     libfirmware.a : AtmelFlash.obj (.text:EnableWriteProtection__FP6tError)
                  0000ddec    0000013c     liblvwsn_proj.a : CCGStrSupport.obj (.text:PDAStrTextToNum)
                  0000df28    0000013a                     : NumText.obj (.text:NumToTextD)
                  0000e062    00000132                     : CCGFltSupport.obj (.text:PDAFltUnop)
                  0000e194    00000130     rts430x.lib : fs_add.obj (.text)
                  0000e2c4    0000012e                 : _log.obj (.text:_log)
                  0000e3f2    0000012a     liblvwsn_proj.a : CCGFltSupport.obj (.text:DoubleGE)
                  0000e51c    00000126                     : NumText.obj (.text:CheckForSmallerInts)
                  0000e642    00000126                     : CCGFltSupport.obj (.text:DoubleLE)
                  0000e768    00000124     libfirmware.a : led.obj (.text:FlashStatusLEDs__Fv)
                  0000e88c    00000120     rts430x.lib : memory.obj (.text:realloc)
                  0000e9ac    0000011c                 : exp.obj (.text:exp)
                  0000eac8    0000011a     liblvwsn_proj.a : A_________.obj (.text:A__________Run)
                  0000ebe2    0000010e                     : NumText.obj (.text:TextToNum)
                  0000ecf0    0000010c                     : CCGFltSupport.obj (.text:DoubleGT)
                  0000edfc    00000108                     : CCGFltSupport.obj (.text:DoubleLT)
                  0000ef04    00000100     libfirmware.a : AtmelFlash.obj (.text:DisableWriteProtection__FP6tError)
                  0000f004    000000fc                   : BigDataTransfer.obj (.text:RequestBigDataTransfer__Fv)
                  0000f100    000000f8                   : Connect.obj (.text:cmd_RadioConnectSM__FP14Command_struct)
                  0000f1f8    000000f6                   : BigIOV.obj (.text:GetBigIOVSize__FUlUi)
                  0000f2ee    000000f6     liblvwsn_proj.a : CCGArrSupport.obj (.text:PDAArrCreateLpTunArr)
                  0000f3e4    000000f4     libfirmware.a : Timestamp.obj (.text:UpdateNetworkTimeInternal__FPC16TimeStamp_structN21)
                  0000f4d8    000000ee     rts430x.lib : pow.obj (.text:pow)
                  0000f5c6    000000e6     libfirmware.a : DataScoop.obj (.text:ScoopData__Fv)
                  0000f6ac    000000e6                   : FirmwareUpdate.obj (.text:ValidateFirmware__FUcUl)
                  0000f792    000000e2                   : radio.obj (.text:GetNetworkInfo__FPUcPUlPUiN23P6tError)
                  0000f874    000000e2     liblvwsn_proj.a : WSNErrorSupport.obj (.text:WSNHandleError)
                  0000f956    000000e0     libfirmware.a : radio.obj (.text:SendATCommandInternal__FPCUcT1UcPUcT312FrameId_EnumP6tError)
                  0000fa36    000000e0                   : RadioUART.obj (.text:cmd_DPCProcessRxFrames__FP14Command_struct)
                  0000fb16    000000de     liblvwsn_proj.a : CCGArrSupport2.obj (.text:PDAArrFreeElements)
                  0000fbf4    000000de     libfirmware.a : dio.obj (.text:SetDIOLines__9ScrimmageFUcQ2_9Scrimmage7DIOModeN21)
                  0000fcd2    000000de                   : BigDataTransfer.obj (.text:TransferNextSection__Fv)
                  0000fdb0    000000da                   : BigDataTransfer.obj (.text:StallBigDataTransfer__FUcT1PUc)
                  0000fe8a    00000076                   : CommonAcquire.obj (.text:SampleBattVChannel__FP6tError)

.factoryflag 
*          0    0000ff00    00000000     UNINITIALIZED

$fill000   0    0000ff00    00000002     
                  0000ff00    00000002     --HOLE-- [fill = ffff]

.reset     0    0000ffb6    00000002     
                  0000ffb6    00000002     rts430x.lib : boot.obj (.reset)

.wsnreset 
*          0    0000ffb8    00000002     
                  0000ffb8    00000002     libfirmware.a : InitBss.obj (.wsnreset)

.viotnflag 
*          0    0000ffbc    00000000     UNINITIALIZED

$fill001   0    0000ffbc    00000002     
                  0000ffbc    00000002     --HOLE-- [fill = ffff]

.reprogramflag 
*          0    0000ffbe    00000000     UNINITIALIZED

$fill002   0    0000ffbe    00000002     
                  0000ffbe    00000002     --HOLE-- [fill = ffff]

$fill003   0    0000ffc0    00000002     
                  0000ffc0    00000002     --HOLE-- [fill = ffb0]

$fill004   0    0000ffc2    00000002     
                  0000ffc2    00000002     --HOLE-- [fill = ffb0]

$fill005   0    0000ffc4    00000002     
                  0000ffc4    00000002     --HOLE-- [fill = ffb0]

$fill006   0    0000ffc6    00000002     
                  0000ffc6    00000002     --HOLE-- [fill = ffb0]

$fill007   0    0000ffc8    00000002     
                  0000ffc8    00000002     --HOLE-- [fill = ffb0]

$fill008   0    0000ffca    00000002     
                  0000ffca    00000002     --HOLE-- [fill = ffb0]

$fill009   0    0000ffcc    00000002     
                  0000ffcc    00000002     --HOLE-- [fill = ffb0]

$fill010   0    0000ffce    00000002     
                  0000ffce    00000002     --HOLE-- [fill = ffb0]

$fill011   0    0000ffd0    00000002     
                  0000ffd0    00000002     --HOLE-- [fill = ffb0]

$fill012   0    0000ffd2    00000002     
                  0000ffd2    00000002     --HOLE-- [fill = ffb0]

$fill013   0    0000ffd4    00000002     
                  0000ffd4    00000002     --HOLE-- [fill = ffb0]

$fill014   0    0000ffd6    00000002     
                  0000ffd6    00000002     --HOLE-- [fill = ffb0]

$fill015   0    0000ffd8    00000002     
                  0000ffd8    00000002     --HOLE-- [fill = ffb0]

$fill016   0    0000ffda    00000002     
                  0000ffda    00000002     --HOLE-- [fill = ffb0]

$fill017   0    0000ffdc    00000002     
                  0000ffdc    00000002     --HOLE-- [fill = ffb0]

$fill018   0    0000ffde    00000002     
                  0000ffde    00000002     --HOLE-- [fill = ffb0]

.int1016   0    0000ffe0    00000002     
                  0000ffe0    00000002     libfirmware.a : TraceUART_Physical.obj (.int1016)

$fill019   0    0000ffe2    00000002     
                  0000ffe2    00000002     --HOLE-- [fill = ffb0]

.int1018   0    0000ffe4    00000002     
                  0000ffe4    00000002     libfirmware.a : GPIO_Physical.obj (.int1018)

$fill020   0    0000ffe6    00000002     
                  0000ffe6    00000002     --HOLE-- [fill = ffb0]

$fill021   0    0000ffe8    00000002     
                  0000ffe8    00000002     --HOLE-- [fill = ffb0]

$fill022   0    0000ffea    00000002     
                  0000ffea    00000002     --HOLE-- [fill = ffb0]

.int1022   0    0000ffec    00000002     
                  0000ffec    00000002     libfirmware.a : RadioUART_Physical.obj (.int1022)

.int1023   0    0000ffee    00000002     
                  0000ffee    00000002     libfirmware.a : RadioUART_Physical.obj (.int1023)

$fill023   0    0000fff0    00000002     
                  0000fff0    00000002     --HOLE-- [fill = ffb0]

$fill024   0    0000fff2    00000002     
                  0000fff2    00000002     --HOLE-- [fill = ffb0]

$fill025   0    0000fff4    00000002     
                  0000fff4    00000002     --HOLE-- [fill = ffb0]

$fill026   0    0000fff6    00000002     
                  0000fff6    00000002     --HOLE-- [fill = ffb0]

.int1028   0    0000fff8    00000002     
                  0000fff8    00000002     libfirmware.a : Time_Physical.obj (.int1028)

.int1029   0    0000fffa    00000002     
                  0000fffa    00000002     libfirmware.a : Time_Physical.obj (.int1029)

$fill027   0    0000fffc    00000002     
                  0000fffc    00000002     --HOLE-- [fill = ffb0]

.highflash 
*          0    00010000    00000054     
                  00010000    00000054     libfirmware.a : MSPFlash_Physical.obj (.highflash:SetMSPFlashReloadFlagAndReboot__9ScrimmageFUi)

.text.2    0    00010054    0000710e     
                  00010054    000000d8     liblvwsn_proj.a : IOVSupport.obj (.text:NetworkVariableRead)
                  0001012c    000000d6     libfirmware.a : Scheduler.obj (.text:TimeToWakeUp__Fv)
                  00010202    000000d0                   : radio.obj (.text:FrameSent__FUcT1)
                  000102d2    000000ce                   : Connect.obj (.text:UpdateStoredChannelAndEpanId__FUcPUl)
                  000103a0    000000ce                   : IOV.obj (.text:__CPR66__GetIOVChannelTimeStamp__FUiP16TimeStamp_structPCJ28J)
                  0001046e    000000cc     liblvwsn_proj.a : IOVSupport.obj (.text:IOVNameFromURL)
                  0001053a    000000cc     libfirmware.a : AtmelFlash.obj (.text:WriteExternalFlashHigh__FUlT1UiP6tError)
                  00010606    000000ca                   : led.obj (.text:DieAndRequestRMAEx__FUcPUc)
                  000106d0    000000c8     liblvwsn_proj.a : NumText.obj (.text:StrPadLeft)
                  00010798    000000c4                     : WSNErrorSupport.obj (.text:WSNMemoryErrorHandler)
                  0001085c    000000c2                     : CCGFltSupport.obj (.text:RoundToNearest)
                  0001091e    000000c0     libfirmware.a : radio.obj (.text:EnterBootloaderMode__Fv)
                  000109de    000000be     liblvwsn_proj.a : CCGFltSupport.obj (.text:DoubleEQ)
                  00010a9c    000000be                     : CCGFltSupport.obj (.text:DoubleNE)
                  00010b5a    000000bc                     : NumText.obj (.text:NumToTextH)
                  00010c16    000000bc                     : NumText.obj (.text:NumToTextUD)
                  00010cd2    000000ba     libfirmware.a : acquire.obj (.text:AcquirePhysChannelInternal__FUiPvP6tError)
                  00010d8c    000000b8                   : SampleScheduling.obj (.text:ScheduleSampleAllChannels__FPC14Command_structf)
                  00010e44    000000b8                   : main.obj (.text:main)
                  00010efc    000000b6     rts430x.lib : fs_mpy.obj (.text)
                  00010fb2    000000b4     liblvwsn_proj.a : CCGArrSupport2.obj (.text:PDAArrNew1D)
                  00011066    000000b4     libfirmware.a : Connect.obj (.text:SendConnectionConfirmation__FP6tError)
                  0001111a    000000ac                   : LoadRadioFW.obj (.text:CreateXmodemPacket__FPUcUcUlN22)
                  000111c6    000000ac     liblvwsn_proj.a : CCGArrSupport2.obj (.text:PDAArrByteSize)
                  00011272    000000aa     libfirmware.a : radio.obj (.text:CalcIsEndNode__FP6tError)
                  0001131c    000000a6     rts430x.lib : memory.obj (.text:malloc)
                  000113c2    000000a4     liblvwsn_proj.a : NumText.obj (.text:NumToTextO)
                  00011466    000000a2     libfirmware.a : AcquireHousekeeping.obj (.text:ReadBatteryVoltage__9ScrimmageFP6tError)
                  00011508    000000a2                   : firmware.obj (.text:embSleepMs)
                  000115aa    000000a0     liblvwsn_proj.a : CCGClusterSupport.obj (.text:GetRefCnt)
                  0001164a    000000a0     rts430x.lib : ldexp.obj (.text:ldexp)
                  000116ea    0000009e     liblvwsn_proj.a : CCGClusterSupport.obj (.text:GetLargestElAlign)
                  00011788    0000009e     libfirmware.a : Scheduler.obj (.text:Reschedule__Fv)
                  00011826    0000009c     liblvwsn_proj.a : ViLib.obj (.text:CopyErrorInToOut)
                  000118c2    0000009c                     : NumText.obj (.text:NumToTextB)
                  0001195e    0000009a     libfirmware.a : Scheduler.obj (.text:ScheduleCommand__FPFP14Command_struct_6tErrorPC16TimeStamp_struct13Priority_enum)
                  000119f8    00000098                   : Configure.obj (.text:WriteLvAttribute__FUiT1PCvP6tError)
                  00011a90    00000096                   : CommonAcquire.obj (.text:SampleLinkQChannel__FP6tError)
                  00011b26    00000094     liblvwsn_proj.a : CCGArrSupport2.obj (.text:PDAArrAllocData)
                  00011bba    00000094     libfirmware.a : VIotNCommands.obj (.text:cmd_VIotNSampleAllChannels__FP14Command_struct)
                  00011c4e    00000092                   : InitGPIO_Node.obj (.text:InitGPIO_Node__Fv)
                  00011ce0    00000092     liblvwsn_proj.a : CCGArrSupport.obj (.text:PDAArrSumElts)
                  00011d72    00000090     libfirmware.a : FirmwareUpdate.obj (.text:WriteFirmware__FUcT1PCUc)
                  00011e02    0000008e                   : FirmwareUpdate.obj (.text:TestFirmwareUpdateIntegrity__FUcT1PCUc)
                  00011e90    0000008e                   : radio.obj (.text:Unjoin__FbP6tError)
                  00011f1e    0000008e     rts430x.lib : fs_div.obj (.text)
                  00011fac    0000008c     libfirmware.a : Configure.obj (.text:GetAttributesChecksum__Fv)
                  00012038    00000088                   : BigDataTransfer.obj (.text:ResetBigDataTransferInfo__FUcUlPFPUcUlUcT3_vPF6tErrorUc_vPC16TimeStamp_struct)
                  000120c0    00000088                   : BigDataTransfer.obj (.text:StartBigDataTransfer__FUcT1PUc)
                  00012148    00000086                   : AtmelFlash.obj (.text:ReadExternalFlashHigh__FUlT1UiP6tError)
                  000121ce    00000084                   : Connect.obj (.text:GetSleepTime__F30ConnectActionSuspendState_enum)
                  00012252    00000082                   : Connect.obj (.text:ConnectionRequestReply__FUcT1PCUc)
                  000122d4    00000082                   : VIotNCommands.obj (.text:cmd_VIotNNotify__FP14Command_struct)
                  00012356    00000082     liblvwsn_proj.a : NumText.obj (.text:fStrLen)
                  000123d8    00000080     libfirmware.a : radio.obj (.text:SendFrame__FPCUcUcP6tError)
                  00012458    00000080                   : Timestamp.obj (.text:TimeStampToLVTimeStamp__FP11LVTimeStampPC16TimeStamp_struct)
                  000124d8    00000080                   : RadioUART.obj (.text:TransmitFrame__FPCUcUcP6tError)
                  00012558    00000080                   : VIotNCommands.obj (.text:cmd_VIotNNwkJoin__FP14Command_struct)
                  000125d8    00000080     rts430x.lib : memory.obj (.text:free)
                  00012658    0000007e     libfirmware.a : ext_flash.obj (.text:UpdateRecoveryImage__Fv)
                  000126d6    0000007e     liblvwsn_proj.a : IOVSupport.obj (.text:WSN_ResolveIOVURL)
                  00012754    0000007e     rts430x.lib : fs_tol.obj (.text)
                  000127d2    0000007c     liblvwsn_proj.a : LVBlockDiagram.obj (.text:AllocateOutputIfNeeded)
                  0001284e    0000007c     rts430x.lib : ltoa.obj (.text:ltoa)
                  000128ca    0000007a     libfirmware.a : Timestamp.obj (.text:LVTimeStampToTimeStamp__FP16TimeStamp_structPC11LVTimeStamp)
                  00012944    0000007a                   : Processor_Physical.obj (.text:ResetPeripherals__9ScrimmageFv)
                  000129be    0000007a     liblvwsn_proj.a : CCGFltSupport.obj (.text:RoundToNearestUnsigned)
                  00012a38    0000007a     libfirmware.a : time.obj (.text:SleepInMbs__FUl)
                  00012ab2    0000007a     liblvwsn_proj.a : NumText.obj (.text:eStrLen)
                  00012b2c    00000078     libfirmware.a : acquire.obj (.text:AcquireInternal__FPCUiUcPvT2P6tError)
                  00012ba4    00000078     liblvwsn_proj.a : IOVSupport.obj (.text:IOVCoreType2DataType)
                  00012c1c    00000078     libfirmware.a : radio.obj (.text:SetEpanId__FPCUlP6tError)
                  00012c94    00000078                   : Timestamp.obj (.text:UpdateNetworkTime__FPC16TimeStamp_structT1Ul)
                  00012d0c    00000078                   : firmware.obj (.text:embReadChannel)
                  00012d84    00000074     liblvwsn_proj.a : CCGClusterSupport.obj (.text:PDAClusterNewEmpty)
                  00012df8    00000072     libfirmware.a : RadioUART.obj (.text:RadioRxISR__FUc)
                  00012e6a    00000072                   : DataScoop.obj (.text:ScoopOutputTokens__Fv)
                  00012edc    00000072                   : Connect.obj (.text:SlumberingAction__FP30ConnectActionSuspendState_enumP18ConnectAction_enumP15ScanInfo_struct)
                  00012f4e    00000070     liblvwsn_proj.a : LVBlockDiagram.obj (.text:InitOutput)
                  00012fbe    00000070     libfirmware.a : CalibratedScaling.obj (.text:ScaleAdcCodeToVoltage__FUiUcT1)
                  0001302e    0000006e                   : AtmelFlash.obj (.text:PowerUp__Fv)
                  0001309c    0000006e                   : BigDataScoop.obj (.text:ScoopBigChannel__FUi)
                  0001310a    0000006e     rts430x.lib : modf.obj (.text:modf)
                  00013178    0000006e                 : lsr32.obj (.text)
                  000131e6    0000006c     liblvwsn_proj.a : CCGStrSupport.obj (.text:PDAStrNew)
                  00013252    0000006c     libfirmware.a : AtmelFlash.obj (.text:WaitForReady__FP6tError)
                  000132be    0000006a                   : Configure.obj (.text:ReadAttribute__FUiUcP6tError)
                  00013328    00000068                   : BigDataTransfer.obj (.text:CancelBigDataTransfer__Fb)
                  00013390    00000068     liblvwsn_proj.a : CCGClusterSupport.obj (.text:PDAClusterFree)
                  000133f8    00000068     libfirmware.a : radio.obj (.text:SetChannelMask__FUcP6tError)
                  00013460    00000068     rts430x.lib : fs_toi.obj (.text)
                  000134c8    00000066     libfirmware.a : IOV.obj (.text:GetIOVChannelTransferSize__FUi)
                  0001352e    00000066                   : radio.obj (.text:RecoverFromRadioError__F6tError)
                  00013594    00000066                   : VIotNCommands.obj (.text:cmd_VIotNReceive__FP14Command_struct)
                  000135fa    00000064                   : adc.obj (.text:SelectChannelAndGain__F10MuxChannelUc)
                  0001365e    00000064     liblvwsn_proj.a : MemCheck_msp430.obj (.text:realloc_stub)
                  000136c2    00000062     libfirmware.a : radio.obj (.text:WakeRadio__F16RadioActive_enum)
                  00013724    00000060     liblvwsn_proj.a : CCGStrSupport.obj (.text:PDAStrResize)
                  00013784    00000060     libfirmware.a : adc.obj (.text:adcPrepareToRead__F14ExcitationTime)
                  000137e4    0000005e                   : IOV.obj (.text:EndianAdjustIOVChannel__FPvUi)
                  00013842    0000005e     liblvwsn_proj.a : LVBlockDiagram.obj (.text:FreeInputHandle)
                  000138a0    0000005c     libfirmware.a : Processor_Physical.obj (.text:InitRNG__9ScrimmageFv)
                  000138fc    0000005c                   : Configure.obj (.text:WriteIOVChannelFromLV__FUiPCvPC16TimeStamp_structP6tError)
                  00013958    0000005c     liblvwsn_proj.a : CCGNumText_msp430.obj (.text:strncasecmp)
                  000139b4    0000005a     libfirmware.a : AtmelFlash.obj (.text:EraseExternalFlash4K__FUlP6tError)
                  00013a0e    0000005a                   : Scheduler.obj (.text:GetScheduledCommandTimeStamp__FPFP14Command_struct_6tErrorP16TimeStamp_struct)
                  00013a68    0000005a     liblvwsn_proj.a : CCGStrSupport.obj (.text:PDAStrNewFromBuf)
                  00013ac2    0000005a     libfirmware.a : LoadRadioFW.obj (.text:RequestRadioConfig__F15tUartSpeed_enum)
                  00013b1c    0000005a                   : radio.obj (.text:ResetLegacyRadioUpdateFlags__FP6tError)
                  00013b76    0000005a                   : firmware.obj (.text:embWriteChannel2)
                  00013bd0    00000058                   : RadioUART.obj (.text:CopyRxData__FPvUcT2)
                  00013c28    00000058                   : BigDataScoop.obj (.text:ScoopBigData__Fv)
                  00013c80    00000058                   : Scheduler.obj (.text:SleepUntil__FPC16TimeStamp_struct)
                  00013cd8    00000058                   : FirmwareUpdate.obj (.text:StartFirmwareUpdate__FUcT1PCUc)
                  00013d30    00000058                   : DataScoop.obj (.text:cmd_DataFrameAck__FP14Command_struct)
                  00013d88    00000058                   : firmware.obj (.text:embSendDebugMessage)
                  00013de0    00000058                   : firmware.obj (.text:embSendUserMessage)
                  00013e38    00000058     rts430x.lib : div32u.obj (.text)
                  00013e90    00000056     libfirmware.a : dio.obj (.text:GetDIOValues__9ScrimmageFUc)
                  00013ee6    00000056                   : time.obj (.text:GetLocalTime__FP16TimeStamp_struct)
                  00013f3c    00000056                   : IOV.obj (.text:GetNumTokensForIOVChannel__FUi)
                  00013f92    00000056                   : crc32.obj (.text:crc32Rolling__FPCUcUlT2)
                  00013fe8    00000054     liblvwsn_proj.a : LVBlockDiagram.obj (.text:PDAVHIncRefCnt)
                  0001403c    00000054                     : NumText.obj (.text:StrPadRight)
                  00014090    00000054     libfirmware.a : VIotNCommands.obj (.text:cmd_VIotNInit__FP14Command_struct)
                  000140e4    00000052                   : BigIOV.obj (.text:CopyBigIOVChannelData__FPUcUlUcT3)
                  00014136    00000052                   : FirmwareUpdate.obj (.text:GetFirmwareAddress__FPUlT1)
                  00014188    00000052     liblvwsn_proj.a : CCGFltSupport.obj (.text:GetNumType)
                  000141da    00000052     libfirmware.a : IOV.obj (.text:LatchIOVOutputTokens__Fv)
                  0001422c    00000052     liblvwsn_proj.a : LVBlockDiagram.obj (.text:PDAVHCopyOnModify)
                  0001427e    00000052                     : MemCheck_msp430.obj (.text:malloc_stub)
                  000142d0    00000050     libfirmware.a : FirmwareUpdate.obj (.text:EraseFirmware__Fv)
                  00014320    00000050                   : IOV.obj (.text:RollbackIOVOutputTokens__Fv)
                  00014370    00000050                   : firmware.obj (.text:embGetReceivedUserMessage)
                  000143c0    00000050     rts430x.lib : frexp.obj (.text:frexp)
                  00014410    0000004e     liblvwsn_proj.a : CCGClusterSupport.obj (.text:PDAClusterFreeStatic)
                  0001445e    0000004e     libfirmware.a : acquire.obj (.text:WritePhysChannel__FUiPCvP6tError)
                  000144ac    0000004e     rts430x.lib : asr32.obj (.text)
                  000144fa    0000004e                 : lsl32.obj (.text)
                  00014548    0000004c     libfirmware.a : Scheduler.obj (.text:AbortCommandInstance__FPFP14Command_struct_6tError13Priority_enum)
                  00014594    0000004c                   : IOV.obj (.text:CopySmallIOVChannelData__FUiPvUc)
                  000145e0    0000004c     liblvwsn_proj.a : CCGArrSupport3.obj (.text:NthElem)
                  0001462c    0000004c                     : CCGArrSupport2.obj (.text:PDAArrNewEmptyWithNDims)
                  00014678    0000004c     libfirmware.a : AtmelFlash.obj (.text:PowerDown__Fv)
                  000146c4    0000004c                   : radio.obj (.text:cmd_CheckRadioRx__FP14Command_struct)
                  00014710    0000004c                   : firmware.obj (.text:embReboot)
                  0001475c    0000004c     rts430x.lib : fs_toul.obj (.text)
                  000147a8    0000004a     libfirmware.a : CalibratedScaling.obj (.text:InitCalibratedScaling__Fv)
                  000147f2    0000004a                   : LoadRadioFW.obj (.text:LoadRadioFW__FUcT1PCUc)
                  0001483c    0000004a                   : radio.obj (.text:ModemStatusReceived__FUc)
                  00014886    0000004a                   : acquire.obj (.text:SampleVoltageChannel__FUiP6tError)
                  000148d0    0000004a     liblvwsn_proj.a : NumText.obj (.text:StrReverse)
                  0001491a    0000004a                     : WSNmain.obj (.text:VI_receive)
                  00014964    0000004a     rts430x.lib : fs_cmp.obj (.text)
                  000149ae    0000004a                 : fs_ltof.obj (.text)
                  000149f8    00000048     libfirmware.a : Configure.obj (.text:CopyAttributesToBuffer__FUcPUc)
                  00014a40    00000048                   : Configure.obj (.text:GetSampleInterval__Fv)
                  00014a88    00000048                   : Timestamp.obj (.text:GetTimeStampDifference__FPC16TimeStamp_structT1)
                  00014ad0    00000048                   : radio.obj (.text:RetireFrame__FUc)
                  00014b18    00000048                   : VIotNCommands.obj (.text:cmd_VIotNNwkUnjoin__FP14Command_struct)
                  00014b60    00000048                   : VIotNCommands.obj (.text:cmd_VIotNStopApp__FP14Command_struct)
                  00014ba8    00000048                   : MisCommon.obj (.text:getAttrOffset__FUcT1)
                  00014bf0    00000046     liblvwsn_proj.a : CCGClusterSupport.obj (.text:AlignDatum)
                  00014c36    00000046                     : NumText.obj (.text:ApplyPadding)
                  00014c7c    00000046     libfirmware.a : Connect.obj (.text:ForceDisconnect__FP6tError)
                  00014cc2    00000046                   : RadioUART.obj (.text:FreeFrameFromRxBuffer__Fv)
                  00014d08    00000046                   : VIotNCommands.obj (.text:GatewayToNodeUserMessage__FUcT1PCUc)
                  00014d4e    00000046                   : BigDataTransfer.obj (.text:StopBigDataTransfer__FUcT1PUc)
                  00014d94    00000046     rts430x.lib : autoinit.obj (.text:_auto_init)
                  00014dda    00000046                 : fs_tou.obj (.text)
                  00014e20    00000044     libfirmware.a : MSPFlash_Physical.obj (.text:ClearMSPFlashVIotNFlag__9ScrimmageFUi)
                  00014e64    00000044                   : radio.obj (.text:CommandResponse__FUc)
                  00014ea8    00000044                   : ext_flash.obj (.text:GetSerialNumber__FP6tError)
                  00014eec    00000044     liblvwsn_proj.a : LVBlockDiagram.obj (.text:PDAVHFree)
                  00014f30    00000044     libfirmware.a : dio.obj (.text:SetDIOChannelValue__9ScrimmageFUcT1)
                  00014f74    00000042                   : dio.obj (.text:CheckPolyfuse__9ScrimmageFv)
                  00014fb6    00000042     liblvwsn_proj.a : CCGStrSupport.obj (.text:PDAStrToArray)
                  00014ff8    00000040     libfirmware.a : Timestamp.obj (.text:CompareTimeStamps__FPC16TimeStamp_structT1)
                  00015038    00000040                   : FirmwareUpdate.obj (.text:GetFirmwareUpdateStatus__FUcT1PCUc)
                  00015078    00000040                   : ext_flash.obj (.text:RecoveryImageProgrammed__Fv)
                  000150b8    00000040                   : radio.obj (.text:RequestSignalStrengthUpdate__Fv)
                  000150f8    00000040                   : TraceUART.obj (.text:TraceTXISR__Fv)
                  00015138    00000040                   : Timestamp.obj (.text:cmd_TimeSync__FP14Command_struct)
                  00015178    00000040     rts430x.lib : div32s.obj (.text)
                  000151b8    0000003e     libfirmware.a : Scheduler.obj (.text:AllocCommand__FPFP14Command_struct_6tErrorPC16TimeStamp_struct)
                  000151f6    0000003e     liblvwsn_proj.a : CCGArrSupport2.obj (.text:PDAArrSetNDims)
                  00015234    0000003e     libfirmware.a : Timestamp.obj (.text:ResetTimeSync__Fv)
                  00015272    0000003e                   : dio.obj (.text:SetDIOMode__9ScrimmageFUcQ2_9Scrimmage7DIOMode)
                  000152b0    0000003e     liblvwsn_proj.a : WSNmain.obj (.text:WSN_Init)
                  000152ee    0000003e     libfirmware.a : acquire.obj (.text:WritePhysAttribute__FUiUcT2P6tError)
                  0001532c    0000003e                   : firmware.obj (.text:embWriteIoChannel)
                  0001536a    0000003c                   : RadioUART.obj (.text:InitializeRadioUART__F15tUartSpeed_enumUc)
                  000153a6    0000003c     liblvwsn_proj.a : LVBlockDiagram.obj (.text:PDAVHNew)
                  000153e2    0000003c                     : LVBlockDiagram.obj (.text:PDAVHNewEmpty)
                  0001541e    0000003c     libfirmware.a : Timestamp.obj (.text:ScheduleTimeSync__FUl)
                  0001545a    0000003c                   : Timestamp.obj (.text:__CPR65__AddTimeStampToTimeStamp__FP16TimeStamp_structPCJ27J)
                  00015496    0000003c                   : Timestamp.obj (.text:__CPR72__SubtractTimeStampFromTimeStamp__FP16TimeStamp_structPCJ34J)
                  000154d2    0000003a                   : IOV.obj (.text:PopIOVChannel__FUi)
                  0001550c    0000003a                   : Scheduler.obj (.text:ScheduleDPC__FPFP14Command_struct_6tError)
                  00015546    0000003a     liblvwsn_proj.a : NumText.obj (.text:StrResize)
                  00015580    0000003a     libfirmware.a : BigDataTransfer.obj (.text:cmd_CheckForBigDataResponse__FP14Command_struct)
                  000155ba    0000003a                   : firmware.obj (.text:embReadIoChannel)
                  000155f4    0000003a     liblvwsn_proj.a : MemCheck_msp430.obj (.text:find_verify_origin)
                  0001562e    0000003a     rts430x.lib : memory.obj (.text:minit)
                  00015668    00000038     libfirmware.a : Configure.obj (.text:GotConfiguration__Fv)
                  000156a0    00000038                   : Processor_Physical.obj (.text:RunAtNormalSpeedInternal__9ScrimmageFv)
                  000156d8    00000038     rts430x.lib : rand.obj (.text:rand)
                  00015710    00000036     libfirmware.a : FirmwareUpdate.obj (.text:ExecuteFirmware__Fv)
                  00015746    00000036                   : AtmelFlash.obj (.text:InitExternalFlash__FP6tError)
                  0001577c    00000036     liblvwsn_proj.a : CCGArrSupport2.obj (.text:PDAArrNewEmpty)
                  000157b2    00000036     libfirmware.a : LoadRadioFW.obj (.text:RadioConfigRequested__Fv)
                  000157e8    00000036                   : LoadRadioFW.obj (.text:RadioFWUpdateRequested__Fv)
                  0001581e    00000036     rts430x.lib : fs_itof.obj (.text)
                  00015854    00000034     liblvwsn_proj.a : CCGClusterSupport.obj (.text:IsStaticElem)
                  00015888    00000034     libfirmware.a : RadioUART.obj (.text:SetRadioAcceptState__F16AcceptState_enum)
                  000158bc    00000032     liblvwsn_proj.a : LVBlockDiagram.obj (.text:CopyValueFree)
                  000158ee    00000032     libfirmware.a : IOV.obj (.text:FlushAllIOVChannels__Fv)
                  00015920    00000032                   : Timestamp.obj (.text:HalveTimeStamp__FP16TimeStamp_struct)
                  00015952    00000032                   : Time_Physical.obj (.text:InitRtc__9ScrimmageFP6tError)
                  00015984    00000032                   : Scheduler.obj (.text:InitScheduler__FP6tError)
                  000159b6    00000032                   : RadioUART.obj (.text:RadioTxISR__Fv)
                  000159e8    00000032                   : radio.obj (.text:ReadAssociationIndication__FP6tError)
                  00015a1a    00000032                   : RadioUART_Physical.obj (.text:ResetRadioUART__9ScrimmageF15tUartSpeed_enum)
                  00015a4c    00000032                   : time.obj (.text:SleepInTicks__FUc)
                  00015a7e    00000032                   : radio.obj (.text:cmd_FrameTxTimeout__FP14Command_struct)
                  00015ab0    00000032                   : firmware.obj (.text:embTxDataAsap)
                  00015ae2    00000032                   : firmware.obj (.text:embWriteAttribute)
                  00015b14    00000032     rts430x.lib : memory.obj (.text:max_free)
                  00015b46    00000032                 : fs_ultof.obj (.text)
                  00015b78    00000030     libfirmware.a : LoadRadioFW.obj (.text:RequestRadioFWUpdate__F23RadioModeRequested_enum)
                  00015ba8    00000030                   : Scheduler.obj (.text:ScheduleCommandAfterDelay__FPFP14Command_struct_6tErrorUl13Priority_enum)
                  00015bd8    00000030                   : firmware.obj (.text:embGetLocalTime)
                  00015c08    00000030     rts430x.lib : floor.obj (.text:floor)
                  00015c38    0000002e     libfirmware.a : Connect.obj (.text:ConnectionFailedAction__FP30ConnectActionSuspendState_enumP18ConnectAction_enum)
                  00015c66    0000002e                   : Connect.obj (.text:DisconnectRequest__FUcT1PCUc)
                  00015c94    0000002e                   : Processor_Physical.obj (.text:InitProcessor__9ScrimmageFv)
                  00015cc2    0000002e     liblvwsn_proj.a : CCGArrSupport2.obj (.text:PDAArrFree)
                  00015cf0    0000002e     libfirmware.a : AtmelFlash.obj (.text:SendAddress__FUlP6tError)
                  00015d1e    0000002e     liblvwsn_proj.a : ViLib.obj (.text:SendErrorExt)
                  00015d4c    0000002e     libfirmware.a : Processor_Physical.obj (.text:WaitInDeath__9ScrimmageFUi)
                  00015d7a    0000002e                   : adc.obj (.text:adcRead__FP6tError)
                  00015da8    0000002c     liblvwsn_proj.a : WSNmain.obj (.text:CallVI)
                  00015dd4    0000002c     libfirmware.a : acquire.obj (.text:GetLongestSensEx__Fv)
                  00015e00    0000002c                   : dio.obj (.text:InitDIO__9ScrimmageFv)
                  00015e2c    0000002c     liblvwsn_proj.a : CCGStrSupport.obj (.text:PDAStrCopyOnModify)
                  00015e58    0000002c     libfirmware.a : RadioUART_Physical.obj (.text:RxISR_Physical__9ScrimmageFv)
                  00015e84    0000002c                   : BigDataTransfer.obj (.text:cmd_BigDataFrameAck__FP14Command_struct)
                  00015eb0    0000002c     rts430x.lib : lsl16.obj (.text)
                  00015edc    0000002a     libfirmware.a : Timestamp.obj (.text:AddToTimeStamp__FP16TimeStamp_structUl)
                  00015f06    0000002a                   : radio.obj (.text:ConnectionConfirmationInFlight__Fv)
                  00015f30    0000002a                   : time.obj (.text:EnableUartTxTimer__Fv)
                  00015f5a    0000002a                   : Configure.obj (.text:InitConfiguration__FP6tError)
                  00015f84    0000002a                   : BigDataTransfer.obj (.text:PrepareBigDataTransfer__FUcUlPFPUcUlUcT3_vPF6tErrorUc_vPC16TimeStamp_structb)
                  00015fae    0000002a                   : FirmwareUpdate.obj (.text:SaveFirmwareData__FUcT1PCUc)
                  00015fd8    0000002a                   : Timestamp.obj (.text:SubtractFromTimeStamp__FP16TimeStamp_structUl)
                  00016002    0000002a     liblvwsn_proj.a : WSNmain.obj (.text:__init_stack_usage_check)
                  0001602c    00000028     libfirmware.a : DataScoop.obj (.text:CopyNetwork32__FPvUl)
                  00016054    00000028                   : Timestamp.obj (.text:GetNetworkTime__FP11LVTimeStamp)
                  0001607c    00000028                   : IOV.obj (.text:IsIOVChannelPassthrough__FUi)
                  000160a4    00000028                   : time.obj (.text:RestartTimeUncertaintyInterrupt__Fv)
                  000160cc    00000028                   : dio.obj (.text:WritePhysDIOAttribute__9ScrimmageFUiUcN22P6tError)
                  000160f4    00000028                   : BigDataTransfer.obj (.text:cmd_BigDataFrameNak__FP14Command_struct)
                  0001611c    00000028     rts430x.lib : memory.obj (.text:free_memory)
                  00016144    00000028     liblvwsn_proj.a : MemCheck_msp430.obj (.text:free_stub)
                  0001616c    00000026     libfirmware.a : Scheduler.obj (.text:AbortCommand__FPFP14Command_struct_6tError)
                  00016192    00000026                   : AnalogPower_Physical.obj (.text:Get33VALock__Fv)
                  000161b8    00000026                   : ext_flash.obj (.text:GetMID__FP6tError)
                  000161de    00000026                   : ext_flash.obj (.text:GetPID__FP6tError)
                  00016204    00000026                   : spi.obj (.text:InitSPI__9ScrimmageFP6tError)
                  0001622a    00000026                   : IOV.obj (.text:IsIOVChannelOutput__FUi)
                  00016250    00000026                   : RadioUART_Physical.obj (.text:UnresetRadioUART__9ScrimmageFUc)
                  00016276    00000026                   : MuxHeartbeat.obj (.text:cmd_MuxHeartbeat__FP14Command_struct)
                  0001629c    00000026                   : Configure.obj (.text:getU32AtOffset__FPCUc)
                  000162c2    00000026     rts430x.lib : mult32.obj (.text)
                  000162e8    00000024     libfirmware.a : RadioUART.obj (.text:CopyRxFrame__FPv)
                  0001630c    00000024     liblvwsn_proj.a : CCGStrSupport.obj (.text:PDAStrNewFromStr)
                  00016330    00000024     libfirmware.a : radio.obj (.text:ScheduleLubHeartbeat__Fv)
                  00016354    00000024                   : adc.obj (.text:adcCleanupAfterReads__F14ExcitationTime)
                  00016378    00000024     rts430x.lib : memcmp.obj (.text:memcmp)
                  0001639c    00000024                 : fs_utof.obj (.text)
                  000163c0    00000022     libfirmware.a : IOV.obj (.text:IsIOVChannelEmpty__FUi)
                  000163e2    00000022                   : IOV.obj (.text:IsIOVChannelScoopable__FUi)
                  00016404    00000022                   : Timestamp.obj (.text:IsTimeSyncReplyPending__Fv)
                  00016426    00000022                   : Timestamp.obj (.text:NetworkTimeUncertaintyISR__Fv)
                  00016448    00000022                   : Scheduler.obj (.text:ScheduleCommandImmediate__FPFP14Command_struct_6tError13Priority_enum)
                  0001646a    00000022                   : radio.obj (.text:ScheduleDubHeartbeat__Fv)
                  0001648c    00000022                   : firmware.obj (.text:embGetNetworkStatus)
                  000164ae    00000020                   : FirmwareUpdate.obj (.text:AbortFirmwareUpdate__Fv)
                  000164ce    00000020                   : acquire.obj (.text:AcquirePhysChannel__FUiPvP6tError)
                  000164ee    00000020                   : IOV.obj (.text:GetIOVChannelSize__FUi)
                  0001650e    00000020                   : BigIOV.obj (.text:IsBigIOVChannel__FUi)
                  0001652e    00000020     liblvwsn_proj.a : CCGStrSupport.obj (.text:PDAStrLen)
                  0001654e    00000020     libfirmware.a : Connect.obj (.text:RouseConnectSM__Fv)
                  0001656e    00000020                   : Connect.obj (.text:UnyieldConnectSM__Fv)
                  0001658e    00000020     rts430x.lib : memmov.obj (.text:memmove)
                  000165ae    00000020     libfirmware.a : spi.obj (.text:spiReadWrite__9ScrimmageFUcP6tError)
                  000165ce    00000020     rts430x.lib : strcat.obj (.text:strcat)
                  000165ee    0000001e     libfirmware.a : Processor_Physical.obj (.text:EnterDeathState__9ScrimmageFv)
                  0001660c    0000001e     liblvwsn_proj.a : CCGClusterSupport.obj (.text:GetClusterSize)
                  0001662a    0000001e     libfirmware.a : dio.obj (.text:GetDIOChannelValue__9ScrimmageFUc)
                  00016648    0000001e                   : IOV.obj (.text:GetIOVChannelDepth__FUi)
                  00016666    0000001e     liblvwsn_proj.a : CCGArrSupport2.obj (.text:PDAArrNElems)
                  00016684    0000001e     libfirmware.a : RadioUART.obj (.text:ProcessRxFrames__Fv)
                  000166a2    0000001e                   : Connect.obj (.text:ResetConnectSM__Fv)
                  000166c0    0000001e                   : Scheduler.obj (.text:SetCurrentPriority__F13Priority_enum)
                  000166de    0000001e                   : adc.obj (.text:adcReadVoltage__F10MuxChannelUcP6tError)
                  000166fc    0000001e                   : DataScoop.obj (.text:cmd_DataFrameNak__FP14Command_struct)
                  0001671a    0000001c                   : TraceUART_Physical.obj (.text:ConfigureTraceUART__9ScrimmageFv)
                  00016736    0000001c                   : MisCommon.obj (.text:GetMisCrc__Fv)
                  00016752    0000001c                   : Timestamp.obj (.text:OutboundTimeSyncStatus__FUc)
                  0001676e    0000001c                   : RadioUART.obj (.text:RxByte__FUc)
                  0001678a    0000001c                   : BigDataTransfer.obj (.text:cmd_BigDataNotifyGw__FP14Command_struct)
                  000167a6    0000001c                   : Connect.obj (.text:cmd_CompletelyUnjoinWSNNetwork__FP14Command_struct)
                  000167c2    0000001c                   : Connect.obj (.text:dpc_ConnectButtonShortPressed__FP14Command_struct)
                  000167de    0000001c                   : firmware.obj (.text:embGetPowerStatus)
                  000167fa    0000001c     liblvwsn_proj.a : MemCheck_msp430.obj (.text:init_after)
                  00016816    0000001a     libfirmware.a : acquire.obj (.text:AcquireAndSendAllChannels__FP6tError)
                  00016830    0000001a                   : acquire.obj (.text:AcquireAndSendHousekeepingChannels__FP6tError)
                  0001684a    0000001a                   : BigDataScoop.obj (.text:BigDataDoneCallback__F6tErrorUc)
                  00016864    0000001a     liblvwsn_proj.a : CCGClusterSupport.obj (.text:PDAClusterZero)
                  0001687e    0000001a                     : CCGStrSupport.obj (.text:PDAStrFree)
                  00016898    0000001a     libfirmware.a : acquire.obj (.text:PowerDownInternal__Fv)
                  000168b2    0000001a                   : RadioUART.obj (.text:ReadDataFromRadio__FPUcUi)
                  000168cc    0000001a                   : Connect.obj (.text:RequestUserDisconnect__Fb)
                  000168e6    0000001a                   : Processor_Physical.obj (.text:RunAtSafeSpeed__9ScrimmageFv)
                  00016900    0000001a                   : radio.obj (.text:SleepRadio__F16RadioActive_enum)
                  0001691a    0000001a                   : Connect.obj (.text:cmd_ForceDisconnect__FP14Command_struct)
                  00016934    00000018                   : radio.obj (.text:CheckRadioRx__Fv)
                  0001694c    00000018                   : GPIO_Physical.obj (.text:EnableRadioSleepingInterrupt__9ScrimmageFv)
                  00016964    00000018                   : FirmwareUpdate.obj (.text:ExecuteStoredFirmware__FUcT1PCUc)
                  0001697c    00000018                   : Configure.obj (.text:GetAttributeSizeInBytes__FUiT1)
                  00016994    00000018                   : radio.obj (.text:GetFrameID__Fv)
                  000169ac    00000018                   : FirmwareUpdate.obj (.text:KickUpdateWatchdog__Fv)
                  000169c4    00000018                   : adc.obj (.text:PulseAdcConvertLine__Fv)
                  000169dc    00000018                   : MuxHeartbeat.obj (.text:RescheduleMuxHeartbeat__Fv)
                  000169f4    00000018                   : firmware.obj (.text:embPowerDown)
                  00016a0c    00000018                   : firmware.obj (.text:embPowerUp)
                  00016a24    00000018                   : MisCommon.obj (.text:getAttrSize__FUc)
                  00016a3c    00000018                   : MisCommon.obj (.text:getNumAttrs__FUc)
                  00016a54    00000018     liblvwsn_proj.a : node3.obj (.text:node3)
                  00016a6c    00000018     rts430x.lib : rand.obj (.text:srand)
                  00016a84    00000018                 : strchr.obj (.text:strchr)
                  00016a9c    00000016     libfirmware.a : FirmwareUpdate.obj (.text:ChangeSection__FUc)
                  00016ab2    00000016                   : RadioUART_Physical.obj (.text:EnableRadioUART__9ScrimmageFv)
                  00016ac8    00000016                   : Scheduler.obj (.text:EnterLowPowerMode__Fv)
                  00016ade    00000016                   : radio.obj (.text:GetRadioLinkQuality__FUc)
                  00016af4    00000016     liblvwsn_proj.a : CCGArrSupport.obj (.text:PDAArrCreate1DArrFromLpTunArr)
                  00016b0a    00000016     libfirmware.a : radio.obj (.text:RadioSleepingISR__Fv)
                  00016b20    00000016                   : RadioUART.obj (.text:SendDataToRadio__FPCUcUi)
                  00016b36    00000016                   : Configure.obj (.text:SetGWSampleInterval__Ff)
                  00016b4c    00000016     liblvwsn_proj.a : WSNmain.obj (.text:__is_stack_overflow)
                  00016b62    00000016     libfirmware.a : radio.obj (.text:cmd_Heartbeat__FP14Command_struct)
                  00016b78    00000016                   : VIotNCommands.obj (.text:dpc_VIotNNotify__FP14Command_struct)
                  00016b8e    00000016     rts430x.lib : div16u.obj (.text)
                  00016ba4    00000016                 : strcpy.obj (.text:strcpy)
                  00016bba    00000014     libfirmware.a : IOV.obj (.text:GetNumIOVChannels__Fv)
                  00016bce    00000014                   : TraceUART.obj (.text:InitTraceUART)
                  00016be2    00000014                   : acquire.obj (.text:PowerUpInternal__Fv)
                  00016bf6    00000014                   : RadioUART_Physical.obj (.text:PumpRadioUARTRx__9ScrimmageFv)
                  00016c0a    00000014                   : CommonAcquire.obj (.text:SampleMeshRChannel__FP6tError)
                  00016c1e    00000014                   : radio.obj (.text:SendSimpleMessage__F16WSNFunction_enum)
                  00016c32    00000014                   : RadioUART.obj (.text:cmd_DebugBadChecksum__FP14Command_struct)
                  00016c46    00000014                   : radio.obj (.text:cmd_DebugModemStatus__FP14Command_struct)
                  00016c5a    00000014                   : radio.obj (.text:cmd_DebugUnexpectedFrameId__FP14Command_struct)
                  00016c6e    00000014     liblvwsn_proj.a : CCGFltSupport_msp430.obj (.text:isnan)
                  00016c82    00000014     rts430x.lib : memset.obj (.text:memset)
                  00016c96    00000014                 : mult16.obj (.text)
                  00016caa    00000012     liblvwsn_proj.a : ViLib.obj (.text:CCGFreeErrorCluster)
                  00016cbc    00000012     libfirmware.a : FirmwareUpdate.obj (.text:CancelFirmwareUpdate__FUcT1PCUc)
                  00016cce    00000012                   : BigDataTransfer.obj (.text:IsBigDataTransferInProgress__Fv)
                  00016ce0    00000012                   : dio.obj (.text:SampleDigInputChannel__9ScrimmageFUiP6tError)
                  00016cf2    00000012     liblvwsn_proj.a : MemCheck_msp430.obj (.text:init_before)
                  00016d04    00000012     rts430x.lib : memcpy.obj (.text:memcpy)
                  00016d16    00000012                 : strlen.obj (.text:strlen)
                  00016d28    00000010     liblvwsn_proj.a : CCGClusterSupport.obj (.text:AlignDatum2)
                  00016d38    00000010                     : CCGArrSupport2.obj (.text:ArrayEltDataType)
                  00016d48    00000010                     : CCGClusterSupport.obj (.text:ClustNElems)
                  00016d58    00000010     libfirmware.a : DataScoop.obj (.text:CopyNetwork16__FPvUi)
                  00016d68    00000010                   : Scheduler.obj (.text:GetCommandTimeStamp__FPC14Command_structP16TimeStamp_struct)
                  00016d78    00000010                   : adc.obj (.text:InitAdc__Fv)
                  00016d88    00000010     liblvwsn_proj.a : IOVSupport.obj (.text:IsWSNWaveform)
                  00016d98    00000010     libfirmware.a : RadioUART.obj (.text:LoopbackMessage__FUcT1PCUc)
                  00016da8    00000010                   : Processor_Physical.obj (.text:Reboot__9ScrimmageFv)
                  00016db8    00000010                   : AnalogPower_Physical.obj (.text:Release33VALock__FUc)
                  00016dc8    00000010                   : Timestamp.obj (.text:StopTimeSync__Fv)
                  00016dd8    00000010     liblvwsn_proj.a : WSNmain.obj (.text:VI_DIOnotify)
                  00016de8    00000010     libfirmware.a : dio.obj (.text:WritePhysDOChannel__9ScrimmageFUiUcT2P6tError)
                  00016df8    00000010                   : firmware.obj (.text:embInitTrace)
                  00016e08    00000010                   : firmware.obj (.text:embWriteChannel3)
                  00016e18    0000000e                   : DataScoop.obj (.text:ClearDataInFlight__FUl)
                  00016e26    0000000e                   : MisCommon.obj (.text:CopyMisSection__FPUcUlUcT3)
                  00016e34    0000000e                   : PowerManagement.obj (.text:EnterDeathStateNodeSpecific__Fv)
                  00016e42    0000000e                   : VIotNCommands.obj (.text:IsLabVIEWBuiltFirmware__Fv)
                  00016e50    0000000e     liblvwsn_proj.a : LVCGenRTInit.obj (.text:LVCGenRTInit)
                  00016e5e    0000000e     libfirmware.a : Connect.obj (.text:PreserveOldData__Fv)
                  00016e6c    0000000e                   : led.obj (.text:StopJoiningLEDs__FUc)
                  00016e7a    0000000e                   : main.obj (.text:UnexpectedInterrupt__Fv)
                  00016e88    0000000e                   : Connect.obj (.text:dpc_ConnectButtonLongPressed__FP14Command_struct)
                  00016e96    0000000e                   : firmware.obj (.text:embReleaseReceivedUserMessage)
                  00016ea4    0000000e     rts430x.lib : abs.obj (.text:labs)
                  00016eb2    0000000e     liblvwsn_proj.a : message_dio_control.obj (.text:message_dio_control_AddVIGlobalConstants)
                  00016ec0    0000000e                     : node3.obj (.text:node3_AddVIGlobalConstants)
                  00016ece    0000000e                     : set_red_state.obj (.text:set_red_state_AddVIGlobalConstants)
                  00016edc    0000000c                     : CCGArrSupport2.obj (.text:ArrayDataTypeNDims)
                  00016ee8    0000000c     libfirmware.a : Timestamp.obj (.text:GetNetworkTimeEpoch__FP16TimeStamp_struct)
                  00016ef4    0000000c                   : acquire.obj (.text:IsPowerNeeded__FUi)
                  00016f00    0000000c                   : Connect.obj (.text:IsRadioConnected__Fv)
                  00016f0c    0000000c                   : DataScoop.obj (.text:IsScoopRunning__Fv)
                  00016f18    0000000c                   : FirmwareUpdate.obj (.text:IsUpdateInProgress__Fv)
                  00016f24    0000000c                   : VIotNCommands.obj (.text:IsUsingVIotN__Fv)
                  00016f30    0000000c                   : Connect.obj (.text:IsWSNConnected__Fv)
                  00016f3c    0000000c                   : led.obj (.text:StartJoiningLEDs__Fv)
                  00016f48    0000000c                   : radio.obj (.text:UpdateSignalStrength__FUc)
                  00016f54    0000000c     liblvwsn_proj.a : IOVSupport.obj (.text:WSN_GetIOVChannelType)
                  00016f60    0000000c                     : IOVSupport.obj (.text:WSN_ReadIOVChannel)
                  00016f6c    0000000c                     : IOVSupport.obj (.text:WSN_WriteIOVChannel)
                  00016f78    0000000c     libfirmware.a : Timestamp.obj (.text:cmd_TimeSyncTimeout__FP14Command_struct)
                  00016f84    0000000c     rts430x.lib : tolower.obj (.text:tolower)
                  00016f90    0000000a     libfirmware.a : radio.obj (.text:FrameBit__FUc)
                  00016f9a    0000000a                   : Configure.obj (.text:GetGWSampleInterval__Fv)
                  00016fa4    0000000a                   : RadioUART.obj (.text:HandleBadChecksum__Fv)
                  00016fae    0000000a                   : ExternalFlash_Physical.obj (.text:PowerUpExternalFlash__9ScrimmageFv)
[...]
000036b0   __cinit__
000036b0   cinit
00003f06   lvwsn_misImage
00004198   nArrTypeData
000042b2   _ctypes_
0000448c   gArrDataSizes
000045c2   compiled_files
000047a6   niwsn_iovDataFifo
000047f2   niwsn_iovTimeStampFifo
0000483e   viotn_iovDataFifo
0000488a   viotn_iovTimeStampFifo
0000490e   nArrTypeDataOffsets
00004970   lvwsn_iovChannelName
00004996   niwsn_iovChannelDescriptor
000049bc   niwsn_iovChannelSize
000049e2   viotn_iovChannelDescriptor
00004a08   viotn_iovChannelSize
00004a76   nArrTypeDataSize
00004a7a   STACK_FILL_WORD
00004a7c   embCallbacks
00004ab6   attrInfoTable
00004b00   attrOffsetTable
00004b14   lvwsn_iovChannelAttrs
00004b28   lvwsn_iovChannelCoreTypes
00004b3c   niwsn_iovChannelAttrs
00004b50   niwsn_iovChannelDepth
00004b64   niwsn_iovTokenIndexArray
00004b78   viotn_iovChannelAttrs
00004b8c   viotn_iovChannelDepth
00004ba0   viotn_iovTokenIndexArray
00004bc4   fInf
00004bc8   fNaN
00004bcc   dInf
00004bd0   dNaN
00004bee   embUMEM_SECTOR_SIZE
00004bf0   embUMEM_START
00004bf4   embUMEM_USED_SECTORS
00004bf6   embUMEM_ERASE_CYCLES
00004bfa   viotn_iovNumChannels
00004bfb   lvwsn_iovNumChannels
00004bfc   viotn_iovTokenArraySize
00004bfd   lvwsn_iovTokenArraySize
00004bfe   viotn_iovLatchedTokenArray
00004c00   lvwsn_iovLatchedTokenArray
00004c02   viotn_iovAccumTokenArray
00004c04   lvwsn_iovAccumTokenArray
00004c32   niwsn_iovNumChannels
00004c33   niwsn_iovTokenArraySize
00004c34   niwsn_iovLatchedTokenArray
00004c36   niwsn_iovAccumTokenArray
00004c44   lvwsn_misImageSize
00004c46   lvwsn_misImageCRC32
00004c54   niwsn_misImageCRC32
00004c80   node3_Run
00005c8c   set_red_state_Run
00006274   PDAStrConcat
000067aa   NumToTextF
00006cb6   PDAFltBinop
000070e2   flashPadding
00007450   TextToNumF
000077ae   sample_a1_Run
00007ac4   PDAClusterCopyValue
00007dce   NumToText
000080ca   NumToTextEng
000083c4   NumToTextExp
000086bc   message_dio_control_Run
00008988   SendFWToRadio__Fv
00008c4a   PDAClusterTextToNum
00008ede   PDAClusterGetElemByPos
0000915c   PDAClusterNumToText
000093da   PDAArrayCopyValue
00009632   sample_a0_Run
00009888   DoubleToPtr
00009adc   FinishXBeeFWLoad__FP6tError
00009f16   PDAClusterNew
0000a10c   NumToTextSci
0000a2f8   TextToNumD
0000a4e4   TextToNumH
0000a6ce   InternalGetClusterSize
0000a8b2   WriteIOVChannel__FUiPCvPC16TimeStamp_structP6tError
0000aa8e   WSNConvertInternalErrorCode
0000ac60   set_ai_power_Run
0000ae32   PDAClusterCopyOnModify
0000b1ca   PDAArrTextToNum
0000b386   IsNotZero
0000b53c   PDAClusterFreeHelper
0000b8a8   ConfigureNode__FUcT1PUc
0000ba4e   TextToNumUD
0000bbf4   PDAArrNumToText
0000bd98   PDAArrNew
0000bf34   PDAStrIndexStrip
0000c25c   SetFlashToFactoryResetAndReboot__Fv
0000c3e8   NetworkVariableWrite
0000c560   SendMessage__F16WSNFunction_enumPCUcUc16SendOptions_enum
0000c6d8   TimeSyncReply__FUcT1PCUc
0000c84e   PDAClusterIncRefCnt
0000c9c2   PDAArrToString
0000cb32   TextToNumO
0000ce04   log
0000cf6c   TextToNumB
0000d0ce   PDAStrNumToText
0000d22a   PtrToDouble
0000d386   CopyValue
0000d4e0   InitXBeeRadio__FP6tError
0000d63a   LVLongToPtr
0000d8dc   LVPtrToLong
0000db6c   PtrToULong
0000ddec   PDAStrTextToNum
0000df28   NumToTextD
0000e062   PDAFltUnop
0000e194   __fs_sub
0000e19a   __fs_add
0000e2c4   _log
0000e3f2   DoubleGE
0000e642   DoubleLE
0000e768   FlashStatusLEDs__Fv
0000e88c   realloc
0000e9ac   exp
0000eac8   A__________Run
0000ebe2   TextToNum
0000ecf0   DoubleGT
0000edfc   DoubleLT
0000f004   RequestBigDataTransfer__Fv
0000f1f8   GetBigIOVSize__FUlUi
0000f2ee   PDAArrCreateLpTunArr
0000f4d8   pow
0000f5c6   ScoopData__Fv
0000f792   GetNetworkInfo__FPUcPUlPUiN23P6tError
0000f874   WSNHandleError
0000fdb0   StallBigDataTransfer__FUcT1PUc
0000fe8a   SampleBattVChannel__FP6tError
0000ff00   factoryRebootFlag
0000ffb6   _reset_vector
0000ffb6   ccs_reset_vector
0000ffbc   useVIotN
0000ffbe   reprogramFlag
00010000   SetMSPFlashReloadFlagAndReboot__9ScrimmageFUi
00010054   NetworkVariableRead
00010202   FrameSent__FUcT1
000103a0   __CPR66__GetIOVChannelTimeStamp__FUiP16TimeStamp_structPCJ28J
0001046e   IOVNameFromURL
0001053a   WriteExternalFlashHigh__FUlT1UiP6tError
00010606   DieAndRequestRMAEx__FUcPUc
00010798   WSNMemoryErrorHandler
0001085c   RoundToNearest
0001091e   EnterBootloaderMode__Fv
000109de   DoubleEQ
00010a9c   DoubleNE
00010b5a   NumToTextH
00010c16   NumToTextUD
00010d8c   ScheduleNextSampleAllChannels__FPC14Command_structf
00010d8c   ScheduleSampleAllChannels__FPC14Command_structf
00010e44   main
00010efc   __fs_mpy
00010fb2   PDAArrNew1D
000111c6   PDAArrByteSize
0001131c   malloc
000113c2   NumToTextO
00011466   ReadBatteryVoltage__9ScrimmageFP6tError
00011508   embSleepMs
000115aa   GetRefCnt
0001164a   ldexp
00011826   CopyErrorInToOut
000118c2   NumToTextB
0001195e   ScheduleCommand__FPFP14Command_struct_6tErrorPC16TimeStamp_struct13Priority_enum
000119f8   WriteLvAttribute__FUiT1PCvP6tError
00011a90   SampleLinkQChannel__FP6tError
00011b26   PDAArrAllocData
00011bba   cmd_VIotNSampleAllChannels__FP14Command_struct
00011c4e   InitGPIO_Node__Fv
00011ce0   PDAArrSumElts
00011e02   TestFirmwareUpdateIntegrity__FUcT1PCUc
00011e90   Unjoin__FbP6tError
00011f1e   __fs_div
00011fac   GetAttributesChecksum__Fv
000120c0   StartBigDataTransfer__FUcT1PUc
00012148   ReadExternalFlashHigh__FUlT1UiP6tError
00012252   ConnectionRequestReply__FUcT1PCUc
000122d4   cmd_VIotNNotify__FP14Command_struct
00012458   TimeStampToLVTimeStamp__FP11LVTimeStampPC16TimeStamp_struct
000124d8   TransmitFrame__FPCUcUcP6tError
00012558   cmd_VIotNNwkJoin__FP14Command_struct
000125d8   free
00012658   UpdateRecoveryImage__Fv
000126d6   WSN_ResolveIOVURL
00012754   __fs_tol
000127d2   AllocateOutputIfNeeded
0001284e   ltoa
000128ca   LVTimeStampToTimeStamp__FP16TimeStamp_structPC11LVTimeStamp
000129be   RoundToNearestUnsigned
00012a38   SleepInMbs__FUl
00012ba4   IOVCoreType2DataType
00012c1c   SetEpanId__FPCUlP6tError
00012c94   UpdateNetworkTime__FPC16TimeStamp_structT1Ul
00012d0c   embReadChannel
00012d84   PDAClusterNewEmpty
00012df8   RadioRxISR__FUc
00012f4e   InitOutput
00012fbe   ScaleAdcCodeToVoltage__FUiUcT1
0001310a   modf
00013178   L_LSR
0001318a   L_LSR_15
00013190   L_LSR_14
00013196   L_LSR_13
0001319c   L_LSR_12
000131a2   L_LSR_11
000131a8   L_LSR_10
000131ae   L_LSR_9
000131b4   L_LSR_8
000131ba   L_LSR_7
000131c0   L_LSR_6
000131c6   L_LSR_5
000131cc   L_LSR_4
000131d2   L_LSR_3
000131d8   L_LSR_2
000131de   L_LSR_1
000131e6   PDAStrNew
000132be   ReadAttribute__FUiUcP6tError
00013328   CancelBigDataTransfer__Fb
00013390   PDAClusterFree
000133f8   SetChannelMask__FUcP6tError
00013460   __fs_toi
000134c8   GetIOVChannelTransferSize__FUi
0001352e   RecoverFromRadioError__F6tError
00013594   cmd_VIotNReceive__FP14Command_struct
0001365e   realloc_stub
000136c2   WakeRadio__F16RadioActive_enum
00013724   PDAStrResize
00013784   adcPrepareToRead__F14ExcitationTime
000137e4   EndianAdjustIOVChannel__FPvUi
00013842   FreeInputHandle
000138a0   InitRNG__9ScrimmageFv
000138fc   WriteIOVChannelFromLV__FUiPCvPC16TimeStamp_structP6tError
00013958   strncasecmp
000139b4   EraseExternalFlash4K__FUlP6tError
00013a0e   GetScheduledCommandTimeStamp__FPFP14Command_struct_6tErrorP16TimeStamp_struct
00013a68   PDAStrNewFromBuf
00013ac2   RequestRadioConfig__F15tUartSpeed_enum
00013b1c   ResetLegacyRadioUpdateFlags__FP6tError
00013b76   embWriteChannel2
00013c28   ScoopBigData__Fv
00013c80   SleepUntil__FPC16TimeStamp_struct
00013cd8   StartFirmwareUpdate__FUcT1PCUc
00013d30   cmd_DataFrameAck__FP14Command_struct
00013d88   embSendDebugMessage
00013de0   embSendUserMessage
00013e38   __divul
00013e38   __remul
00013e90   GetDIOValues__9ScrimmageFUc
00013ee6   GetLocalTime__FP16TimeStamp_struct
00013f3c   GetNumTokensForIOVChannel__FUi
00013f92   crc32Rolling__FPCUcUlT2
00013fe8   PDAVHIncRefCnt
00014090   cmd_VIotNInit__FP14Command_struct
000140e4   CopyBigIOVChannelData__FPUcUlUcT3
000141da   LatchIOVOutputTokens__Fv
0001422c   PDAVHCopyOnModify
0001427e   malloc_stub
00014320   RollbackIOVOutputTokens__Fv
00014370   embGetReceivedUserMessage
000143c0   frexp
00014410   PDAClusterFreeStatic
0001445e   WritePhysChannel__FUiPCvP6tError
000144ac   L_ASR
000144bc   L_ASR_15
000144c0   L_ASR_14
000144c4   L_ASR_13
000144c8   L_ASR_12
000144cc   L_ASR_11
000144d0   L_ASR_10
000144d4   L_ASR_9
000144d8   L_ASR_8
000144dc   L_ASR_7
000144e0   L_ASR_6
000144e4   L_ASR_5
000144e8   L_ASR_4
000144ec   L_ASR_3
000144f0   L_ASR_2
000144f4   L_ASR_1
000144fa   L_LSL
0001450a   L_LSL_15
0001450e   L_LSL_14
00014512   L_LSL_13
00014516   L_LSL_12
0001451a   L_LSL_11
0001451e   L_LSL_10
00014522   L_LSL_9
00014526   L_LSL_8
0001452a   L_LSL_7
0001452e   L_LSL_6
00014532   L_LSL_5
00014536   L_LSL_4
0001453a   L_LSL_3
0001453e   L_LSL_2
00014542   L_LSL_1
00014548   AbortCommandInstance__FPFP14Command_struct_6tError13Priority_enum
00014594   CopySmallIOVChannelData__FUiPvUc
000145e0   NthElem
0001462c   PDAArrNewEmptyWithNDims
00014710   embReboot
0001475c   __fs_toul
000147a8   InitCalibratedScaling__Fv
000147f2   LoadRadioFW__FUcT1PCUc
0001483c   ModemStatusReceived__FUc
0001491a   VI_receive
00014964   __fs_cmp
000149ae   __fs_ltof
000149f8   CopyAttributesToBuffer__FUcPUc
00014a40   GetSampleInterval__Fv
00014a88   GetTimeStampDifference__FPC16TimeStamp_structT1
00014b18   cmd_VIotNNwkUnjoin__FP14Command_struct
00014b60   cmd_VIotNStopApp__FP14Command_struct
00014ba8   getAttrOffset__FUcT1
00014bf0   AlignDatum
00014c7c   ForceDisconnect__FP6tError
00014d08   GatewayToNodeUserMessage__FUcT1PCUc
00014d4e   StopBigDataTransfer__FUcT1PUc
00014d94   _auto_init
00014dda   __fs_tou
00014e20   ClearMSPFlashVIotNFlag__9ScrimmageFUi
00014e64   CommandResponse__FUc
00014ea8   GetSerialNumber__FP6tError
00014eec   PDAVHFree
00014f74   CheckPolyfuse__9ScrimmageFv
00014fb6   PDAStrToArray
00014ff8   CompareTimeStamps__FPC16TimeStamp_structT1
00015038   GetFirmwareUpdateStatus__FUcT1PCUc
00015078   RecoveryImageProgrammed__Fv
000150b8   RequestSignalStrengthUpdate__Fv
000150f8   TraceTXISR__Fv
00015178   __divli
00015178   __remli
000151b8   AllocCommand__FPFP14Command_struct_6tErrorPC16TimeStamp_struct
000151f6   PDAArrSetNDims
00015234   ResetTimeSync__Fv
000152b0   WSN_Init
000152ee   WritePhysAttribute__FUiUcT2P6tError
0001532c   embWriteIoChannel
0001536a   InitializeRadioUART__F15tUartSpeed_enumUc
000153a6   PDAVHNew
000153e2   PDAVHNewEmpty
0001545a   __CPR65__AddTimeStampToTimeStamp__FP16TimeStamp_structPCJ27J
00015496   __CPR72__SubtractTimeStampFromTimeStamp__FP16TimeStamp_structPCJ34J
000154d2   PopIOVChannel__FUi
0001550c   ScheduleDPC__FPFP14Command_struct_6tError
000155ba   embReadIoChannel
0001562e   minit
00015668   GotConfiguration__Fv
000156a0   RunAtNormalSpeed__9ScrimmageFv
000156d8   rand
00015746   InitExternalFlash__FP6tError
0001577c   PDAArrNewEmpty
000157b2   RadioConfigRequested__Fv
000157e8   RadioFWUpdateRequested__Fv
0001581e   __fs_itof
00015854   IsStaticElem
00015888   SetRadioAcceptState__F16AcceptState_enum
000158bc   CopyValueFree
000158ee   FlushAllIOVChannels__Fv
00015952   InitRtc__9ScrimmageFP6tError
00015984   InitScheduler__FP6tError
000159b6   RadioTxISR__Fv
000159e8   ReadAssociationIndication__FP6tError
00015a1a   ResetRadioUART__9ScrimmageF15tUartSpeed_enum
00015a4c   SleepInTicks__FUc
00015ab0   embTxDataAsap
00015ae2   embWriteAttribute
00015b14   max_free
00015b46   __fs_ultof
00015b78   RequestRadioFWUpdate__F23RadioModeRequested_enum
00015ba8   ScheduleCommandAfterDelay__FPFP14Command_struct_6tErrorUl13Priority_enum
00015bd8   embGetLocalTime
00015c08   floor
00015c66   DisconnectRequest__FUcT1PCUc
00015c94   InitProcessor__9ScrimmageFv
00015cc2   PDAArrFree
00015d1e   SendErrorExt
00015d4c   WaitInDeath__9ScrimmageFUi
00015da8   CallVI
00015e00   InitDIO__9ScrimmageFv
00015e2c   PDAStrCopyOnModify
00015e84   cmd_BigDataFrameAck__FP14Command_struct
00015eb0   I_LSL
00015ebc   I_LSL_15
00015ebe   I_LSL_14
00015ec0   I_LSL_13
00015ec2   I_LSL_12
00015ec4   I_LSL_11
00015ec6   I_LSL_10
00015ec8   I_LSL_9
00015eca   I_LSL_8
00015ecc   I_LSL_7
00015ece   I_LSL_6
00015ed0   I_LSL_5
00015ed2   I_LSL_4
00015ed4   I_LSL_3
00015ed6   I_LSL_2
00015ed8   I_LSL_1
00015edc   AddToTimeStamp__FP16TimeStamp_structUl
00015f06   ConnectionConfirmationInFlight__Fv
00015f30   EnableUartTxTimer__Fv
00015f5a   InitConfiguration__FP6tError
00015f84   PrepareBigDataTransfer__FUcUlPFPUcUlUcT3_vPF6tErrorUc_vPC16TimeStamp_structb
00015fae   SaveFirmwareData__FUcT1PCUc
00015fd8   SubtractFromTimeStamp__FP16TimeStamp_structUl
00016054   GetNetworkTime__FP11LVTimeStamp
0001607c   IsIOVChannelPassthrough__FUi
000160a4   RestartTimeUncertaintyInterrupt__Fv
000160cc   WritePhysDIOAttribute__9ScrimmageFUiUcN22P6tError
000160f4   cmd_BigDataFrameNak__FP14Command_struct
0001611c   free_memory
00016144   free_stub
0001616c   AbortCommand__FPFP14Command_struct_6tError
00016192   Get33VALock__Fv
000161b8   GetMID__FP6tError
000161de   GetPID__FP6tError
00016204   InitSPI__9ScrimmageFP6tError
0001622a   IsIOVChannelOutput__FUi
00016250   UnresetRadioUART__9ScrimmageFUc
000162c2   __mpyl
000162e8   CopyRxFrame__FPv
0001630c   PDAStrNewFromStr
00016330   ScheduleLubHeartbeat__Fv
00016354   adcCleanupAfterReads__F14ExcitationTime
00016378   memcmp
0001639c   __fs_utof
000163e2   IsIOVChannelScoopable__FUi
00016404   IsTimeSyncReplyPending__Fv
00016426   NetworkTimeUncertaintyISR__Fv
00016448   ScheduleCommandImmediate__FPFP14Command_struct_6tError13Priority_enum
0001646a   ScheduleDubHeartbeat__Fv
0001648c   embGetNetworkStatus
000164ae   AbortFirmwareUpdate__Fv
000164ce   AcquirePhysChannel__FUiPvP6tError
000164ee   GetIOVChannelSize__FUi
0001650e   IsBigIOVChannel__FUi
0001652e   PDAStrLen
0001654e   RouseConnectSM__Fv
0001656e   UnyieldConnectSM__Fv
0001658e   memmove
000165ae   spiReadWrite__9ScrimmageFUcP6tError
000165ce   strcat
000165ee   EnterDeathState__9ScrimmageFv
0001660c   GetClusterSize
00016648   GetIOVChannelDepth__FUi
00016666   PDAArrNElems
000166a2   ResetConnectSM__Fv
000166c0   SetCurrentPriority__F13Priority_enum
000166de   adcReadVoltage__F10MuxChannelUcP6tError
000166fc   cmd_DataFrameNak__FP14Command_struct
0001671a   ConfigureTraceUART__9ScrimmageFv
00016736   GetMisCrc__Fv
00016752   OutboundTimeSyncStatus__FUc
0001676e   RxByte__FUc
0001678a   cmd_BigDataNotifyGw__FP14Command_struct
000167a6   cmd_CompletelyUnjoinWSNNetwork__FP14Command_struct
000167c2   dpc_ConnectButtonShortPressed__FP14Command_struct
000167de   embGetPowerStatus
00016816   AcquireAndSendAllChannels__FP6tError
00016830   AcquireAndSendHousekeepingChannels__FP6tError
00016864   PDAClusterZero
0001687e   PDAStrFree
000168b2   ReadDataFromRadio__FPUcUi
000168cc   RequestUserDisconnect__Fb
000168e6   RunAtSafeSpeed__9ScrimmageFv
00016900   SleepRadio__F16RadioActive_enum
0001691a   cmd_ForceDisconnect__FP14Command_struct
00016934   CheckRadioRx__Fv
0001694c   EnableRadioSleepingInterrupt__9ScrimmageFv
00016964   ExecuteStoredFirmware__FUcT1PCUc
0001697c   GetAttributeSizeInBytes__FUiT1
000169dc   RescheduleMuxHeartbeat__Fv
000169f4   embPowerDown
00016a0c   embPowerUp
00016a24   getAttrSize__FUc
00016a3c   getNumAttrs__FUc
00016a54   node3
00016a6c   srand
00016a84   strchr
00016ab2   EnableRadioUART__9ScrimmageFv
00016ac8   EnterLowPowerMode__Fv
00016ade   GetRadioLinkQuality__FUc
00016af4   PDAArrCreate1DArrFromLpTunArr
00016b0a   RadioSleepingISR__Fv
00016b20   SendDataToRadio__FPCUcUi
00016b36   SetGWSampleInterval__Ff
00016b4c   __is_stack_overflow
00016b78   dpc_VIotNNotify__FP14Command_struct
00016b8e   __divu
00016b8e   __remu
00016ba4   strcpy
00016bba   GetNumIOVChannels__Fv
00016bce   InitTraceUART
00016bf6   PumpRadioUARTRx__9ScrimmageFv
00016c0a   SampleMeshRChannel__FP6tError
00016c1e   SendSimpleMessage__F16WSNFunction_enum
00016c6e   isnan
00016c82   memset
00016c96   __mpyi
00016caa   CCGFreeErrorCluster
00016cbc   CancelFirmwareUpdate__FUcT1PCUc
00016cce   IsBigDataTransferInProgress__Fv
00016ce0   SampleDigInputChannel__9ScrimmageFUiP6tError
00016d04   memcpy
00016d16   strlen
00016d28   AlignDatum2
00016d38   ArrayEltDataType
00016d48   ClustNElems
00016d68   GetCommandTimeStamp__FPC14Command_structP16TimeStamp_struct
00016d78   InitAdc__Fv
00016d88   IsWSNWaveform
00016da8   Reboot__9ScrimmageFv
00016db8   Release33VALock__FUc
00016dc8   StopTimeSync__Fv
00016dd8   VI_DIOnotify
00016de8   WritePhysDOChannel__9ScrimmageFUiUcT2P6tError
00016df8   embInitTrace
00016e08   embWriteChannel3
00016e18   ClearDataInFlight__FUl
00016e26   CopyMisSection__FPUcUlUcT3
00016e34   EnterDeathStateNodeSpecific__Fv
00016e42   IsLabVIEWBuiltFirmware__Fv
00016e50   LVCGenRTInit
00016e5e   PreserveOldData__Fv
00016e6c   StopJoiningLEDs__FUc
00016e7a   UnexpectedInterrupt__Fv
00016e88   dpc_ConnectButtonLongPressed__FP14Command_struct
00016e96   embReleaseReceivedUserMessage
00016ea4   labs
00016eb2   message_dio_control_AddVIGlobalConstants
00016ec0   node3_AddVIGlobalConstants
00016ece   set_red_state_AddVIGlobalConstants
00016edc   ArrayDataTypeNDims
00016ee8   GetNetworkTimeEpoch__FP16TimeStamp_struct
00016f00   IsRadioConnected__Fv
00016f0c   IsScoopRunning__Fv
00016f18   IsUpdateInProgress__Fv
00016f24   IsUsingVIotN__Fv
00016f30   IsWSNConnected__Fv
00016f3c   StartJoiningLEDs__Fv
00016f48   UpdateSignalStrength__FUc
00016f54   WSN_GetIOVChannelType
00016f60   WSN_ReadIOVChannel
00016f6c   WSN_WriteIOVChannel
00016f84   tolower
00016f9a   GetGWSampleInterval__Fv
00016fae   PowerUpExternalFlash__9ScrimmageFv
00016fb8   StartSampling__Fv
00016fc2   StopDataScoop__Fv
00016fcc   VI_initApp
00016fd6   abs
00016fea   isxdigit
00016ff4   node3_CleanupLSRs
00016ffe   __fs_neg
00017008   EnableButtons__9ScrimmageFv
00017018   GetMisSize__Fv
00017020   GetPowerStatus__Fv
00017028   InitPhysChannels__Fv
00017030   IsEndNode__Fv
00017038   IsUserDisconnectRequested__Fv
00017040   PowerDownExternalFlash__9ScrimmageFv
00017048   PowerDown__Fv
00017050   StartRadioFirmwareUpdateLEDs__Fv
00017058   StopSampling__Fv
00017060   VI_NwkStatusNotify
00017080   embWriteChannel
00017088   isdigit
00017090   ClearTxFailures__Fv
00017096   CopyRadioFirmwareFromInternalToExternalFlash__FP6tError
0001709c   DieAndRequestRMA
000170a2   GetGatewayVersion__Fv
000170a8   GetTxFailures__Fv
000170ae   GetXBeeFWVersion__Fv
000170b4   LVWroteIOV__Fv
000170ba   PowerUp__Fv
000170c0   ReenableDIOEventNotification__9ScrimmageFv
000170c6   ResetConfigReceived__Fv
000170cc   ResetExpectedSequenceID__Fv
000170d2   ResetLVWroteIOV__Fv
000170d8   SetConfirmationAcked__Fv
000170de   SetFakeOOTB__Fv
000170e4   SetIOVCoerceTime__FUi
000170ea   SleepWithSMCLKOff__Fv
000170f0   VI_sampleAllChannels
000170f6   embUserLEDOff
000170fc   embUserLEDOn
00017102   message_dio_control_CleanupVIGlobalConstants
00017108   message_dio_control_InitVIConstantList
0001710e   node3_CleanupVIGlobalConstants
00017114   node3_InitVIConstantList
0001711a   set_red_state_CleanupVIGlobalConstants
00017120   set_red_state_InitVIConstantList
00017126   InitFPTermsFiller
0001712a   InitGPIO__9ScrimmageFv
0001712e   LVGetCurrentControlData
00017132   __init_mem_check
00017136   _system_pre_init
0001713a   C$$EXIT
0001713a   abort
0001713e   node3_Start
00017142   A__________AddVIGlobalConstants
00017144   A__________CleanupLSRs
00017146   CleanUpAcquiredData__Fv
00017148   Filler
0001714a   GlobFiller
0001714c   UpgradeRadioFirmwareIfNewerAvailable__FP6tError
0001714e   VI_stopApp
00017150   _nop
00017152   message_dio_control_CleanupLSRs
00017154   sample_a0_AddVIGlobalConstants
00017156   sample_a0_CleanupLSRs
00017158   sample_a1_AddVIGlobalConstants
0001715a   sample_a1_CleanupLSRs
0001715c   set_ai_power_AddVIGlobalConstants
0001715e   set_ai_power_CleanupLSRs
00017160   set_red_state_CleanupLSRs
ffffffff   .text
ffffffff   __binit__
ffffffff   __c_args__
ffffffff   __etext__
ffffffff   __pinit__
ffffffff   __text__
ffffffff   binit
ffffffff   etext
ffffffff   pinit

[958 symbols]
